Archive member included because of file (symbol)

C:\Program Files (x86)\VEX Robotics\VEXcode\sdk/vexv5\libv5rt.a(v5_startup.c.obj)
                              (vexStartup)
C:\Program Files (x86)\VEX Robotics\VEXcode\sdk/vexv5\libv5rt.a(v5_util.c.obj)
                              C:\Program Files (x86)\VEX Robotics\VEXcode\sdk/vexv5\libv5rt.a(v5_startup.c.obj) (vexStdlibVersionLinked)
C:\Program Files (x86)\VEX Robotics\VEXcode\sdk/vexv5\libv5rt.a(v5_apijump.c.obj)
                              C:\Program Files (x86)\VEX Robotics\VEXcode\sdk/vexv5\libv5rt.a(v5_startup.c.obj) (vexPrivateApiEnable)
C:\Program Files (x86)\VEX Robotics\VEXcode\sdk/vexv5\libv5rt.a(v5_apiversions.c.obj)
                              C:\Program Files (x86)\VEX Robotics\VEXcode\sdk/vexv5\libv5rt.a(v5_apijump.c.obj) (vexSystemVersion)
C:\Program Files (x86)\VEX Robotics\VEXcode\sdk/vexv5\libv5rt.a(vex_global.cpp.obj)
                              build/src/EchoFunctions.o (vex::hold)
C:\Program Files (x86)\VEX Robotics\VEXcode\sdk/vexv5\libv5rt.a(vex_motor.cpp.obj)
                              build/src/EchoFunctions.o (vex::motor::~motor())
C:\Program Files (x86)\VEX Robotics\VEXcode\sdk/vexv5\libv5rt.a(vex_controller.cpp.obj)
                              build/src/EchoFunctions.o (vex::controller::~controller())
C:\Program Files (x86)\VEX Robotics\VEXcode\sdk/vexv5\libv5rt.a(vex_task.cpp.obj)
                              build/src/auto1.o (vex::task::task(int (*)()))
C:\Program Files (x86)\VEX Robotics\VEXcode\sdk/vexv5\libv5rt.a(vex_event.cpp.obj)
                              C:\Program Files (x86)\VEX Robotics\VEXcode\sdk/vexv5\libv5rt.a(vex_controller.cpp.obj) (vex::event::init(unsigned long, unsigned long, void (*)()))
C:\Program Files (x86)\VEX Robotics\VEXcode\sdk/vexv5\libv5rt.a(vex_mevent.cpp.obj)
                              C:\Program Files (x86)\VEX Robotics\VEXcode\sdk/vexv5\libv5rt.a(vex_controller.cpp.obj) (vex::mevent::mevent(unsigned long, unsigned long))
C:\Program Files (x86)\VEX Robotics\VEXcode\sdk/vexv5\libv5rt.a(vex_brain.cpp.obj)
                              build/src/EchoFunctions.o (vex::brain::~brain())
C:\Program Files (x86)\VEX Robotics\VEXcode\sdk/vexv5\libv5rt.a(vex_competition.cpp.obj)
                              build/src/main.o (vex::competition::competition())
C:\Program Files (x86)\VEX Robotics\VEXcode\sdk/vexv5\libv5rt.a(vex_triport.cpp.obj)
                              C:\Program Files (x86)\VEX Robotics\VEXcode\sdk/vexv5\libv5rt.a(vex_brain.cpp.obj) (vex::triport::~triport())
C:\Program Files (x86)\VEX Robotics\VEXcode\sdk/vexv5\libv5rt.a(vex_color.cpp.obj)
                              C:\Program Files (x86)\VEX Robotics\VEXcode\sdk/vexv5\libv5rt.a(vex_brain.cpp.obj) (vex::color::operator unsigned long() const)
C:\Program Files (x86)\VEX Robotics\VEXcode\sdk/vexv5\libv5rt.a(vex_timer.cpp.obj)
                              C:\Program Files (x86)\VEX Robotics\VEXcode\sdk/vexv5\libv5rt.a(vex_brain.cpp.obj) (vex::timer::~timer())
C:\Program Files (x86)\VEX Robotics\VEXcode\sdk/vexv5\libv5rt.a(v5_apiuser.c.obj)
                              C:\Program Files (x86)\VEX Robotics\VEXcode\sdk/vexv5\libv5rt.a(vex_triport.cpp.obj) (vexAdiPortConfigSet)
C:\Program Files (x86)\VEX Robotics\VEXcode\sdk/vexv5\libv5rt.a(vex_device.cpp.obj)
                              C:\Program Files (x86)\VEX Robotics\VEXcode\sdk/vexv5\libv5rt.a(vex_triport.cpp.obj) (vex::device::value())
C:\Program Files (x86)\VEX Robotics\VEXcode\sdk/vexv5/gcc/libs\libc.a(lib_a-fini.o)
                              C:\Program Files (x86)\VEX Robotics\VEXcode\sdk/vexv5\libv5rt.a(v5_startup.c.obj) (__libc_fini_array)
C:\Program Files (x86)\VEX Robotics\VEXcode\sdk/vexv5/gcc/libs\libc.a(lib_a-impure.o)
                              C:\Program Files (x86)\VEX Robotics\VEXcode\sdk/vexv5\libv5rt.a(v5_startup.c.obj) (_impure_ptr)
C:\Program Files (x86)\VEX Robotics\VEXcode\sdk/vexv5/gcc/libs\libc.a(lib_a-init.o)
                              C:\Program Files (x86)\VEX Robotics\VEXcode\sdk/vexv5\libv5rt.a(v5_startup.c.obj) (__libc_init_array)
C:\Program Files (x86)\VEX Robotics\VEXcode\sdk/vexv5/gcc/libs\libc.a(lib_a-puts.o)
                              build/src/EchoFunctions.o (puts)
C:\Program Files (x86)\VEX Robotics\VEXcode\sdk/vexv5/gcc/libs\libc.a(lib_a-tolower.o)
                              C:\Program Files (x86)\VEX Robotics\VEXcode\sdk/vexv5\libv5rt.a(vex_brain.cpp.obj) (tolower)
C:\Program Files (x86)\VEX Robotics\VEXcode\sdk/vexv5/gcc/libs\libc.a(lib_a-ctype_.o)
                              C:\Program Files (x86)\VEX Robotics\VEXcode\sdk/vexv5/gcc/libs\libc.a(lib_a-tolower.o) (__ctype_ptr__)

Allocating common symbols
Common symbol       size              file

__bss_end           0x4               C:\Program Files (x86)\VEX Robotics\VEXcode\sdk/vexv5\libv5rt.a(v5_startup.c.obj)
__vex_critical_section
[...]
Memory Configuration

Name             Origin             Length             Attributes
ps7_ddr_0_S_AXI_BASEADDR 0x03800000         0x04800000
*default*        0x00000000         0xffffffff

Linker script and memory map

                0x00002000                _STACK_SIZE = DEFINED (_STACK_SIZE)?_STACK_SIZE:0x2000
                0x00100000                _HEAP_SIZE = DEFINED (_HEAP_SIZE)?_HEAP_SIZE:0x100000
                0x00000400                _ABORT_STACK_SIZE = DEFINED (_ABORT_STACK_SIZE)?_ABORT_STACK_SIZE:0x400
                0x00000800                _SUPERVISOR_STACK_SIZE = DEFINED (_SUPERVISOR_STACK_SIZE)?_SUPERVISOR_STACK_SIZE:0x800
                0x00000400                _IRQ_STACK_SIZE = DEFINED (_IRQ_STACK_SIZE)?_IRQ_STACK_SIZE:0x400
                0x00000400                _FIQ_STACK_SIZE = DEFINED (_FIQ_STACK_SIZE)?_FIQ_STACK_SIZE:0x400
                0x00000400                _UNDEF_STACK_SIZE = DEFINED (_UNDEF_STACK_SIZE)?_UNDEF_STACK_SIZE:0x400

.text           0x03800000     0x6a90
 *(.vectors)
 *(.boot_data)
 .boot_data     0x03800000       0x20 C:\Program Files (x86)\VEX Robotics\VEXcode\sdk/vexv5\libv5rt.a(v5_startup.c.obj)
                0x03800000                vexCodeSig
                0x00000020                . = 0x20
 *(.boot)
 .boot          0x03800020       0xb4 C:\Program Files (x86)\VEX Robotics\VEXcode\sdk/vexv5\libv5rt.a(v5_startup.c.obj)
                0x03800020                vexStartup
                0x03800100                . = ALIGN (0x40)
 *fill*         0x038000d4       0x2c 
 *(.freertos_vectors)
 *(.text)
 *(.text.*)
 .text._ZN5Robot5auto1Ev
                0x03800100       0xf0 build/src/auto1.o
                0x03800100                Robot::auto1()
 .text._Z10autonomousv
                0x038001f0       0x84 build/src/main.o
                0x038001f0                autonomous()
 .text._Z11usercontrolv
                0x03800274       0x78 build/src/main.o
                0x03800274                usercontrol()
 .text.main     0x038002ec       0x4c build/src/main.o
                0x038002ec                main
 .text._GLOBAL__sub_I_main.cpp
                0x03800338       0x34 build/src/main.o
 *fill*         0x0380036c        0x4 
 .text._ZN5Robot5blue1Ev
                0x03800370      0x398 build/src/blue1.o
                0x03800370                Robot::blue1()
 .text._ZN5Robot4red2Ev
                0x03800708      0x398 build/src/red2.o
                0x03800708                Robot::red2()
 .text._ZN5Robot4red1Ev
                0x03800aa0      0x3a8 build/src/red1.o
                0x03800aa0                Robot::red1()
 .text._ZN5RobotC2Eb
                0x03800e48       0x60 build/src/EchoFunctions.o
                0x03800e48                Robot::Robot(bool)
                0x03800e48                Robot::Robot(bool)
 .text._Z6driverv
                0x03800ea8      0x268 build/src/EchoFunctions.o
                0x03800ea8                driver()
 .text._ZN5Robot5startEv
                0x03801110       0xf4 build/src/EchoFunctions.o
                0x03801110                Robot::start()
 *fill*         0x03801204        0x4 
 .text._Z4firev
                0x03801208       0xe8 build/src/EchoFunctions.o
                0x03801208                fire()
 .text._ZN5Robot4waitEi
                0x038012f0        0x8 build/src/EchoFunctions.o
                0x038012f0                Robot::wait(int)
 .text._Z4downv
                0x038012f8       0xb0 build/src/EchoFunctions.o
                0x038012f8                down()
 .text._ZN5Robot10toggleModeEv
                0x038013a8      0x188 build/src/EchoFunctions.o
                0x038013a8                Robot::toggleMode()
 .text._ZN5Robot11toggleWristEv
                0x03801530      0x118 build/src/EchoFunctions.o
                0x03801530                Robot::toggleWrist()
 .text._ZN5Robot7CapDropEv
                0x03801648       0x4c build/src/EchoFunctions.o
                0x03801648                Robot::CapDrop()
 .text._ZN5Robot4GrabEb
                0x03801694        0xc build/src/EchoFunctions.o
                0x03801694                Robot::Grab(bool)
 .text._ZN5Robot5YoinkEb
                0x038016a0        0xc build/src/EchoFunctions.o
                0x038016a0                Robot::Yoink(bool)
 .text._ZN5Robot10WristCheckEv
                0x038016ac      0x104 build/src/EchoFunctions.o
                0x038016ac                Robot::WristCheck()
 .text._ZN5Robot8WristConEv
                0x038017b0      0x288 build/src/EchoFunctions.o
                0x038017b0                Robot::WristCon()
 .text._ZN5Robot9autonLiftEi
                0x03801a38      0x1b0 build/src/EchoFunctions.o
                0x03801a38                Robot::autonLift(int)
 .text._ZN5Robot7liftConEv
                0x03801be8      0x738 build/src/EchoFunctions.o
                0x03801be8                Robot::liftCon()
 .text._ZN5Robot9intakeConEi
                0x03802320      0x350 build/src/EchoFunctions.o
                0x03802320                Robot::intakeCon(int)
 .text._ZN5Robot5resetEv
                0x03802670       0x6c build/src/EchoFunctions.o
                0x03802670                Robot::reset()
 .text._ZN5Robot8autoInitEv
                0x038026dc       0x94 build/src/EchoFunctions.o
                0x038026dc                Robot::autoInit()
 .text._ZN5Robot7endAutoEv
                0x03802770       0x94 build/src/EchoFunctions.o
                0x03802770                Robot::endAuto()
 *fill*         0x03802804        0x4 
 .text._ZN5Robot4turnEdd
                0x03802808      0x580 build/src/EchoFunctions.o
                0x03802808                Robot::turn(double, double)
 .text._ZN5Robot4moveEdd
                0x03802d88      0x608 build/src/EchoFunctions.o
                0x03802d88                Robot::move(double, double)
 .text._ZN5Robot6strafeEdd
                0x03803390      0x5a8 build/src/EchoFunctions.o
                0x03803390                Robot::strafe(double, double)
 .text._ZN5Robot8autoFireEv
                0x03803938      0x198 build/src/EchoFunctions.o
                0x03803938                Robot::autoFire()
 .text._ZN5Robot4YeetEv
                0x03803ad0       0x34 build/src/EchoFunctions.o
                0x03803ad0                Robot::Yeet()
 .text._Z10autoSelectv
                0x03803b04      0x258 build/src/EchoFunctions.o
                0x03803b04                autoSelect()
 .text._GLOBAL__sub_I_EchoFunctions.cpp
                0x03803d5c      0x514 build/src/EchoFunctions.o
 .text.vexMain  0x03804270       0xb0 C:\Program Files (x86)\VEX Robotics\VEXcode\sdk/vexv5\libv5rt.a(v5_startup.c.obj)
                0x03804270                vexMain
 .text.__vex_function_prolog
                0x03804320       0x18 C:\Program Files (x86)\VEX Robotics\VEXcode\sdk/vexv5\libv5rt.a(v5_startup.c.obj)
                0x03804320                __vex_function_prolog
 .text._init    0x03804338        0x4 C:\Program Files (x86)\VEX Robotics\VEXcode\sdk/vexv5\libv5rt.a(v5_startup.c.obj)
                0x03804338                _init
 .text._fini    0x0380433c        0x4 C:\Program Files (x86)\VEX Robotics\VEXcode\sdk/vexv5\libv5rt.a(v5_startup.c.obj)
                0x0380433c                _fini
 .text.vexStdlibVersionLinked
                0x03804340        0xc C:\Program Files (x86)\VEX Robotics\VEXcode\sdk/vexv5\libv5rt.a(v5_util.c.obj)
                0x03804340                vexStdlibVersionLinked
 .text.vexStdlibVersionVerify
                0x0380434c       0x30 C:\Program Files (x86)\VEX Robotics\VEXcode\sdk/vexv5\libv5rt.a(v5_util.c.obj)
                0x0380434c                vexStdlibVersionVerify
 .text.vexPrivateApiEnable
                0x0380437c       0x10 C:\Program Files (x86)\VEX Robotics\VEXcode\sdk/vexv5\libv5rt.a(v5_apijump.c.obj)
                0x0380437c                vexPrivateApiEnable
 .text.vexStdlibMismatchError
                0x0380438c       0x3c C:\Program Files (x86)\VEX Robotics\VEXcode\sdk/vexv5\libv5rt.a(v5_apijump.c.obj)
                0x0380438c                vexStdlibMismatchError
 .text.vexTaskAdd
                0x038043c8       0x10 C:\Program Files (x86)\VEX Robotics\VEXcode\sdk/vexv5\libv5rt.a(v5_apijump.c.obj)
                0x038043c8                vexTaskAdd
 .text.vexTaskStop
                0x038043d8       0x10 C:\Program Files (x86)\VEX Robotics\VEXcode\sdk/vexv5\libv5rt.a(v5_apijump.c.obj)
                0x038043d8                vexTaskStop
 .text.vexTasksRun
                0x038043e8       0x10 C:\Program Files (x86)\VEX Robotics\VEXcode\sdk/vexv5\libv5rt.a(v5_apijump.c.obj)
                0x038043e8                vexTasksRun
 .text.vexTaskYield
                0x038043f8       0x10 C:\Program Files (x86)\VEX Robotics\VEXcode\sdk/vexv5\libv5rt.a(v5_apijump.c.obj)
                0x038043f8                vexTaskYield
 .text.vexTaskCheckTimeslice
                0x03804408       0x10 C:\Program Files (x86)\VEX Robotics\VEXcode\sdk/vexv5\libv5rt.a(v5_apijump.c.obj)
                0x03804408                vexTaskCheckTimeslice
 .text.vexTaskSleep
                0x03804418       0x10 C:\Program Files (x86)\VEX Robotics\VEXcode\sdk/vexv5\libv5rt.a(v5_apijump.c.obj)
                0x03804418                vexTaskSleep
 .text.vexTasksDump
                0x03804428       0x1c C:\Program Files (x86)\VEX Robotics\VEXcode\sdk/vexv5\libv5rt.a(v5_apijump.c.obj)
                0x03804428                vexTasksDump
 .text.vexTaskGetTaskIndex
                0x03804444       0x10 C:\Program Files (x86)\VEX Robotics\VEXcode\sdk/vexv5\libv5rt.a(v5_apijump.c.obj)
                0x03804444                vexTaskGetTaskIndex
 .text.vexTaskStopAll
                0x03804454       0x10 C:\Program Files (x86)\VEX Robotics\VEXcode\sdk/vexv5\libv5rt.a(v5_apijump.c.obj)
                0x03804454                vexTaskStopAll
 .text.vexTaskRemoveAllUser
                0x03804464       0x34 C:\Program Files (x86)\VEX Robotics\VEXcode\sdk/vexv5\libv5rt.a(v5_apijump.c.obj)
                0x03804464                vexTaskRemoveAllUser
 .text.vexTaskCompletionIdSet
                0x03804498       0x10 C:\Program Files (x86)\VEX Robotics\VEXcode\sdk/vexv5\libv5rt.a(v5_apijump.c.obj)
                0x03804498                vexTaskCompletionIdSet
 .text.vexCriticalSection
                0x038044a8       0x2c C:\Program Files (x86)\VEX Robotics\VEXcode\sdk/vexv5\libv5rt.a(v5_apijump.c.obj)
                0x038044a8                vexCriticalSection
 .text.vexEventAdd
                0x038044d4       0x34 C:\Program Files (x86)\VEX Robotics\VEXcode\sdk/vexv5\libv5rt.a(v5_apijump.c.obj)
                0x038044d4                vexEventAdd
 .text.vexEventUserIndexGet
                0x03804508       0x1c C:\Program Files (x86)\VEX Robotics\VEXcode\sdk/vexv5\libv5rt.a(v5_apijump.c.obj)
                0x03804508                vexEventUserIndexGet
 .text.vexEventAddWithArg
                0x03804524       0x3c C:\Program Files (x86)\VEX Robotics\VEXcode\sdk/vexv5\libv5rt.a(v5_apijump.c.obj)
                0x03804524                vexEventAddWithArg
 .text.vexEventsCleanup
                0x03804560       0x2c C:\Program Files (x86)\VEX Robotics\VEXcode\sdk/vexv5\libv5rt.a(v5_apijump.c.obj)
                0x03804560                vexEventsCleanup
 .text.vexDebug
                0x0380458c       0x38 C:\Program Files (x86)\VEX Robotics\VEXcode\sdk/vexv5\libv5rt.a(v5_apijump.c.obj)
                0x0380458c                vexDebug
 .text.vex_sprintf
                0x038045c4       0x40 C:\Program Files (x86)\VEX Robotics\VEXcode\sdk/vexv5\libv5rt.a(v5_apijump.c.obj)
                0x038045c4                vex_sprintf
 .text.vex_vsnprintf
                0x03804604       0x3c C:\Program Files (x86)\VEX Robotics\VEXcode\sdk/vexv5\libv5rt.a(v5_apijump.c.obj)
                0x03804604                vex_vsnprintf
 .text.vexSystemTimeGet
                0x03804640       0x1c C:\Program Files (x86)\VEX Robotics\VEXcode\sdk/vexv5\libv5rt.a(v5_apijump.c.obj)
                0x03804640                vexSystemTimeGet
 .text.vexSystemExitRequest
                0x0380465c       0x1c C:\Program Files (x86)\VEX Robotics\VEXcode\sdk/vexv5\libv5rt.a(v5_apijump.c.obj)
                0x0380465c                vexSystemExitRequest
 .text.vexDeviceGetByIndex
                0x03804678       0x24 C:\Program Files (x86)\VEX Robotics\VEXcode\sdk/vexv5\libv5rt.a(v5_apijump.c.obj)
                0x03804678                vexDeviceGetByIndex
 .text.vexControllerGet
                0x0380469c       0x2c C:\Program Files (x86)\VEX Robotics\VEXcode\sdk/vexv5\libv5rt.a(v5_apijump.c.obj)
                0x0380469c                vexControllerGet
 .text.vexControllerTextSet
                0x038046c8       0x74 C:\Program Files (x86)\VEX Robotics\VEXcode\sdk/vexv5\libv5rt.a(v5_apijump.c.obj)
                0x038046c8                vexControllerTextSet
 .text.vexDeviceAdiPortConfigSet
                0x0380473c       0x34 C:\Program Files (x86)\VEX Robotics\VEXcode\sdk/vexv5\libv5rt.a(v5_apijump.c.obj)
                0x0380473c                vexDeviceAdiPortConfigSet
 .text.vexDeviceAdiPortConfigGet
                0x03804770       0x2c C:\Program Files (x86)\VEX Robotics\VEXcode\sdk/vexv5\libv5rt.a(v5_apijump.c.obj)
                0x03804770                vexDeviceAdiPortConfigGet
 .text.vexDeviceAdiValueSet
                0x0380479c       0x34 C:\Program Files (x86)\VEX Robotics\VEXcode\sdk/vexv5\libv5rt.a(v5_apijump.c.obj)
                0x0380479c                vexDeviceAdiValueSet
 .text.vexDeviceAdiValueGet
                0x038047d0       0x2c C:\Program Files (x86)\VEX Robotics\VEXcode\sdk/vexv5\libv5rt.a(v5_apijump.c.obj)
                0x038047d0                vexDeviceAdiValueGet
 .text.vexDeviceMotorVelocitySet
                0x038047fc       0x2c C:\Program Files (x86)\VEX Robotics\VEXcode\sdk/vexv5\libv5rt.a(v5_apijump.c.obj)
                0x038047fc                vexDeviceMotorVelocitySet
 .text.vexDeviceMotorActualVelocityGet
                0x03804828       0x24 C:\Program Files (x86)\VEX Robotics\VEXcode\sdk/vexv5\libv5rt.a(v5_apijump.c.obj)
                0x03804828                vexDeviceMotorActualVelocityGet
 .text.vexDeviceMotorZeroPositionFlagGet
                0x0380484c       0x24 C:\Program Files (x86)\VEX Robotics\VEXcode\sdk/vexv5\libv5rt.a(v5_apijump.c.obj)
                0x0380484c                vexDeviceMotorZeroPositionFlagGet
 .text.vexDeviceMotorReverseFlagSet
                0x03804870       0x2c C:\Program Files (x86)\VEX Robotics\VEXcode\sdk/vexv5\libv5rt.a(v5_apijump.c.obj)
                0x03804870                vexDeviceMotorReverseFlagSet
 .text.vexDeviceMotorEncoderUnitsSet
                0x0380489c       0x2c C:\Program Files (x86)\VEX Robotics\VEXcode\sdk/vexv5\libv5rt.a(v5_apijump.c.obj)
                0x0380489c                vexDeviceMotorEncoderUnitsSet
 .text.vexDeviceMotorBrakeModeSet
                0x038048c8       0x2c C:\Program Files (x86)\VEX Robotics\VEXcode\sdk/vexv5\libv5rt.a(v5_apijump.c.obj)
                0x038048c8                vexDeviceMotorBrakeModeSet
 .text.vexDeviceMotorPositionSet
                0x038048f4       0x34 C:\Program Files (x86)\VEX Robotics\VEXcode\sdk/vexv5\libv5rt.a(v5_apijump.c.obj)
                0x038048f4                vexDeviceMotorPositionSet
 .text.vexDeviceMotorPositionGet
                0x03804928       0x24 C:\Program Files (x86)\VEX Robotics\VEXcode\sdk/vexv5\libv5rt.a(v5_apijump.c.obj)
                0x03804928                vexDeviceMotorPositionGet
 .text.vexDeviceMotorAbsoluteTargetSet
                0x0380494c       0x3c C:\Program Files (x86)\VEX Robotics\VEXcode\sdk/vexv5\libv5rt.a(v5_apijump.c.obj)
                0x0380494c                vexDeviceMotorAbsoluteTargetSet
 .text.vexDeviceMotorGearingSet
                0x03804988       0x2c C:\Program Files (x86)\VEX Robotics\VEXcode\sdk/vexv5\libv5rt.a(v5_apijump.c.obj)
                0x03804988                vexDeviceMotorGearingSet
 .text.vexDeviceMotorGearingGet
                0x038049b4       0x24 C:\Program Files (x86)\VEX Robotics\VEXcode\sdk/vexv5\libv5rt.a(v5_apijump.c.obj)
                0x038049b4                vexDeviceMotorGearingGet
 .text.vexDisplayForegroundColor
                0x038049d8       0x24 C:\Program Files (x86)\VEX Robotics\VEXcode\sdk/vexv5\libv5rt.a(v5_apijump.c.obj)
                0x038049d8                vexDisplayForegroundColor
 .text.vexDisplayBackgroundColor
                0x038049fc       0x24 C:\Program Files (x86)\VEX Robotics\VEXcode\sdk/vexv5\libv5rt.a(v5_apijump.c.obj)
                0x038049fc                vexDisplayBackgroundColor
 .text.vexDisplayBackgroundColorGet
                0x03804a20       0x1c C:\Program Files (x86)\VEX Robotics\VEXcode\sdk/vexv5\libv5rt.a(v5_apijump.c.obj)
                0x03804a20                vexDisplayBackgroundColorGet
 .text.vexDisplayRectDraw
                0x03804a3c       0x4c C:\Program Files (x86)\VEX Robotics\VEXcode\sdk/vexv5\libv5rt.a(v5_apijump.c.obj)
                0x03804a3c                vexDisplayRectDraw
 .text.vexDisplayRectClear
                0x03804a88       0x4c C:\Program Files (x86)\VEX Robotics\VEXcode\sdk/vexv5\libv5rt.a(v5_apijump.c.obj)
                0x03804a88                vexDisplayRectClear
 .text.vexDisplayPrintf
                0x03804ad4       0x68 C:\Program Files (x86)\VEX Robotics\VEXcode\sdk/vexv5\libv5rt.a(v5_apijump.c.obj)
                0x03804ad4                vexDisplayPrintf
 .text.vexDisplayTextReference
                0x03804b3c       0x24 C:\Program Files (x86)\VEX Robotics\VEXcode\sdk/vexv5\libv5rt.a(v5_apijump.c.obj)
                0x03804b3c                vexDisplayTextReference
 .text.vexDisplayTextSize
                0x03804b60       0x2c C:\Program Files (x86)\VEX Robotics\VEXcode\sdk/vexv5\libv5rt.a(v5_apijump.c.obj)
                0x03804b60                vexDisplayTextSize
 .text.vexDisplayFontNamedSet
                0x03804b8c       0x24 C:\Program Files (x86)\VEX Robotics\VEXcode\sdk/vexv5\libv5rt.a(v5_apijump.c.obj)
                0x03804b8c                vexDisplayFontNamedSet
 .text.vexDisplayStringWidthGet
                0x03804bb0       0x24 C:\Program Files (x86)\VEX Robotics\VEXcode\sdk/vexv5\libv5rt.a(v5_apijump.c.obj)
                0x03804bb0                vexDisplayStringWidthGet
 .text.vexDisplayPenSizeGet
                0x03804bd4       0x1c C:\Program Files (x86)\VEX Robotics\VEXcode\sdk/vexv5\libv5rt.a(v5_apijump.c.obj)
                0x03804bd4                vexDisplayPenSizeGet
 .text.vexSystemStdlibImpureDataAddr
                0x03804bf0       0x28 C:\Program Files (x86)\VEX Robotics\VEXcode\sdk/vexv5\libv5rt.a(v5_apijump.c.obj)
                0x03804bf0                vexSystemStdlibImpureDataAddr
 .text.vexSystemStdlibImpureDataSize
                0x03804c18       0x28 C:\Program Files (x86)\VEX Robotics\VEXcode\sdk/vexv5\libv5rt.a(v5_apijump.c.obj)
                0x03804c18                vexSystemStdlibImpureDataSize
 .text.vexTouchDataGet
                0x03804c40       0x10 C:\Program Files (x86)\VEX Robotics\VEXcode\sdk/vexv5\libv5rt.a(v5_apijump.c.obj)
                0x03804c40                vexTouchDataGet
 .text.vexDisplayThemeIdGet
                0x03804c50       0x38 C:\Program Files (x86)\VEX Robotics\VEXcode\sdk/vexv5\libv5rt.a(v5_apijump.c.obj)
                0x03804c50                vexDisplayThemeIdGet
 .text.vexDeviceEventMaskSet
                0x03804c88       0x48 C:\Program Files (x86)\VEX Robotics\VEXcode\sdk/vexv5\libv5rt.a(v5_apijump.c.obj)
                0x03804c88                vexDeviceEventMaskSet
 .text.vexDeviceEventMaskGet
                0x03804cd0       0x3c C:\Program Files (x86)\VEX Robotics\VEXcode\sdk/vexv5\libv5rt.a(v5_apijump.c.obj)
                0x03804cd0                vexDeviceEventMaskGet
 .text.vexSystemVersion
                0x03804d0c       0x10 C:\Program Files (x86)\VEX Robotics\VEXcode\sdk/vexv5\libv5rt.a(v5_apiversions.c.obj)
                0x03804d0c                vexSystemVersion
 .text.vexStdlibVersion
                0x03804d1c       0x10 C:\Program Files (x86)\VEX Robotics\VEXcode\sdk/vexv5\libv5rt.a(v5_apiversions.c.obj)
                0x03804d1c                vexStdlibVersion
 .text._ZN3vex5motor9installedEv
                0x03804d2c       0x18 C:\Program Files (x86)\VEX Robotics\VEXcode\sdk/vexv5\libv5rt.a(vex_motor.cpp.obj)
                0x03804d2c                vex::motor::installed()
 .text._ZN3vex5motorD2Ev
                0x03804d44       0x20 C:\Program Files (x86)\VEX Robotics\VEXcode\sdk/vexv5\libv5rt.a(vex_motor.cpp.obj)
                0x03804d44                vex::motor::~motor()
                0x03804d44                vex::motor::~motor()
 .text._ZN3vex5motor15defaultStoppingENS_9brakeTypeE
                0x03804d64       0x30 C:\Program Files (x86)\VEX Robotics\VEXcode\sdk/vexv5\libv5rt.a(vex_motor.cpp.obj)
                0x03804d64                vex::motor::defaultStopping(vex::brakeType)
 .text._ZN3vex5motor8setBrakeENS_9brakeTypeE
                0x03804d94        0x4 C:\Program Files (x86)\VEX Robotics\VEXcode\sdk/vexv5\libv5rt.a(vex_motor.cpp.obj)
                0x03804d94                vex::motor::setBrake(vex::brakeType)
 .text._ZN3vex5motorC2El
                0x03804d98       0x70 C:\Program Files (x86)\VEX Robotics\VEXcode\sdk/vexv5\libv5rt.a(vex_motor.cpp.obj)
                0x03804d98                vex::motor::motor(long)
                0x03804d98                vex::motor::motor(long)
 .text._ZN3vex5motorC2ElNS_11gearSettingEb
                0x03804e08       0x34 C:\Program Files (x86)\VEX Robotics\VEXcode\sdk/vexv5\libv5rt.a(vex_motor.cpp.obj)
                0x03804e08                vex::motor::motor(long, vex::gearSetting, bool)
                0x03804e08                vex::motor::motor(long, vex::gearSetting, bool)
 .text._ZN3vex5motor4stopENS_9brakeTypeE
                0x03804e3c       0x30 C:\Program Files (x86)\VEX Robotics\VEXcode\sdk/vexv5\libv5rt.a(vex_motor.cpp.obj)
                0x03804e3c                vex::motor::stop(vex::brakeType)
 .text._ZN3vex5motor4stopEv
                0x03804e6c        0x8 C:\Program Files (x86)\VEX Robotics\VEXcode\sdk/vexv5\libv5rt.a(vex_motor.cpp.obj)
                0x03804e6c                vex::motor::stop()
 .text._ZN3vex5motor16velocityToScaledEdNS_13velocityUnitsE
                0x03804e74       0x5c C:\Program Files (x86)\VEX Robotics\VEXcode\sdk/vexv5\libv5rt.a(vex_motor.cpp.obj)
                0x03804e74                vex::motor::velocityToScaled(double, vex::velocityUnits)
 .text._ZN3vex5motor8velocityENS_13velocityUnitsE
                0x03804ed0       0x30 C:\Program Files (x86)\VEX Robotics\VEXcode\sdk/vexv5\libv5rt.a(vex_motor.cpp.obj)
                0x03804ed0                vex::motor::velocity(vex::velocityUnits)
 .text._ZN3vex5motor5valueEv
                0x03804f00       0x1c C:\Program Files (x86)\VEX Robotics\VEXcode\sdk/vexv5\libv5rt.a(vex_motor.cpp.obj)
                0x03804f00                vex::motor::value()
 .text._ZN3vex5motor16scaledToVelocityEdNS_13velocityUnitsE
                0x03804f1c       0xa4 C:\Program Files (x86)\VEX Robotics\VEXcode\sdk/vexv5\libv5rt.a(vex_motor.cpp.obj)
                0x03804f1c                vex::motor::scaledToVelocity(double, vex::velocityUnits)
 .text._ZN3vex5motor4spinENS_13directionTypeEdNS_13velocityUnitsE
                0x03804fc0       0x5c C:\Program Files (x86)\VEX Robotics\VEXcode\sdk/vexv5\libv5rt.a(vex_motor.cpp.obj)
                0x03804fc0                vex::motor::spin(vex::directionType, double, vex::velocityUnits)
 .text._ZN3vex5motor16setRotationUnitsENS_13rotationUnitsE
                0x0380501c       0x1c C:\Program Files (x86)\VEX Robotics\VEXcode\sdk/vexv5\libv5rt.a(vex_motor.cpp.obj)
                0x0380501c                vex::motor::setRotationUnits(vex::rotationUnits)
 .text._ZN3vex5motor11setRotationEdNS_13rotationUnitsE
                0x03805038       0x44 C:\Program Files (x86)\VEX Robotics\VEXcode\sdk/vexv5\libv5rt.a(vex_motor.cpp.obj)
                0x03805038                vex::motor::setRotation(double, vex::rotationUnits)
 .text._ZN3vex5motor13resetRotationEv
                0x0380507c       0x20 C:\Program Files (x86)\VEX Robotics\VEXcode\sdk/vexv5\libv5rt.a(vex_motor.cpp.obj)
                0x0380507c                vex::motor::resetRotation()
 .text._ZN3vex5motor8rotateToEdNS_13rotationUnitsEdNS_13velocityUnitsEb
                0x0380509c       0xc4 C:\Program Files (x86)\VEX Robotics\VEXcode\sdk/vexv5\libv5rt.a(vex_motor.cpp.obj)
                0x0380509c                vex::motor::rotateTo(double, vex::rotationUnits, double, vex::velocityUnits, bool)
 .text._ZN3vex5motor13startRotateToEdNS_13rotationUnitsEdNS_13velocityUnitsE
                0x03805160       0x34 C:\Program Files (x86)\VEX Robotics\VEXcode\sdk/vexv5\libv5rt.a(vex_motor.cpp.obj)
                0x03805160                vex::motor::startRotateTo(double, vex::rotationUnits, double, vex::velocityUnits)
 .text._ZN3vex5motor8rotationENS_13rotationUnitsE
                0x03805194       0x44 C:\Program Files (x86)\VEX Robotics\VEXcode\sdk/vexv5\libv5rt.a(vex_motor.cpp.obj)
                0x03805194                vex::motor::rotation(vex::rotationUnits)
 .text.startup._GLOBAL__sub_I__ZN3vex5motorC2El
                0x038051d8       0x30 C:\Program Files (x86)\VEX Robotics\VEXcode\sdk/vexv5\libv5rt.a(vex_motor.cpp.obj)
 .text._ZN3vex10controllerD2Ev
                0x03805208        0x4 C:\Program Files (x86)\VEX Robotics\VEXcode\sdk/vexv5\libv5rt.a(vex_controller.cpp.obj)
                0x03805208                vex::controller::~controller()
                0x03805208                vex::controller::~controller()
 .text._ZN3vex10controller5valueE19_V5_ControllerIndex
                0x0380520c        0x8 C:\Program Files (x86)\VEX Robotics\VEXcode\sdk/vexv5\libv5rt.a(vex_controller.cpp.obj)
                0x0380520c                vex::controller::value(_V5_ControllerIndex)
 .text._ZN3vex10controller6rumbleEPKc
                0x03805214       0x4c C:\Program Files (x86)\VEX Robotics\VEXcode\sdk/vexv5\libv5rt.a(vex_controller.cpp.obj)
                0x03805214                vex::controller::rumble(char const*)
 .text._ZN3vex10controller6button8pressingEv
                0x03805260       0xc8 C:\Program Files (x86)\VEX Robotics\VEXcode\sdk/vexv5\libv5rt.a(vex_controller.cpp.obj)
                0x03805260                vex::controller::button::pressing()
 .text._ZN3vex10controller6button21_buttonToPressedEventEv
                0x03805328       0x20 C:\Program Files (x86)\VEX Robotics\VEXcode\sdk/vexv5\libv5rt.a(vex_controller.cpp.obj)
                0x03805328                vex::controller::button::_buttonToPressedEvent()
 .text._ZN3vex10controller6button22_buttonToReleasedEventEv
                0x03805348       0x20 C:\Program Files (x86)\VEX Robotics\VEXcode\sdk/vexv5\libv5rt.a(vex_controller.cpp.obj)
                0x03805348                vex::controller::button::_buttonToReleasedEvent()
 .text._ZN3vex10controller6buttonC2ENS0_11tButtonTypeEPS0_
                0x03805368       0x48 C:\Program Files (x86)\VEX Robotics\VEXcode\sdk/vexv5\libv5rt.a(vex_controller.cpp.obj)
                0x03805368                vex::controller::button::button(vex::controller::tButtonType, vex::controller*)
                0x03805368                vex::controller::button::button(vex::controller::tButtonType, vex::controller*)
 .text._ZN3vex10controller4axis5valueEv
                0x038053b0       0x58 C:\Program Files (x86)\VEX Robotics\VEXcode\sdk/vexv5\libv5rt.a(vex_controller.cpp.obj)
                0x038053b0                vex::controller::axis::value()
 .text._ZN3vex10controller4axis23_joystickToChangedEventEv
                0x03805408       0x20 C:\Program Files (x86)\VEX Robotics\VEXcode\sdk/vexv5\libv5rt.a(vex_controller.cpp.obj)
                0x03805408                vex::controller::axis::_joystickToChangedEvent()
 .text._ZN3vex10controller4axisC2ENS0_9tAxisTypeEPS0_
                0x03805428       0x2c C:\Program Files (x86)\VEX Robotics\VEXcode\sdk/vexv5\libv5rt.a(vex_controller.cpp.obj)
                0x03805428                vex::controller::axis::axis(vex::controller::tAxisType, vex::controller*)
                0x03805428                vex::controller::axis::axis(vex::controller::tAxisType, vex::controller*)
 .text._ZN3vex10controllerC2Ev
                0x03805454      0x204 C:\Program Files (x86)\VEX Robotics\VEXcode\sdk/vexv5\libv5rt.a(vex_controller.cpp.obj)
                0x03805454                vex::controller::controller()
                0x03805454                vex::controller::controller()
 .text._ZN3vex4taskC2EPFivE
                0x03805658       0x54 C:\Program Files (x86)\VEX Robotics\VEXcode\sdk/vexv5\libv5rt.a(vex_task.cpp.obj)
                0x03805658                vex::task::task(int (*)())
                0x03805658                vex::task::task(int (*)())
 .text._ZN3vex4taskD2Ev
                0x038056ac        0x4 C:\Program Files (x86)\VEX Robotics\VEXcode\sdk/vexv5\libv5rt.a(vex_task.cpp.obj)
                0x038056ac                vex::task::~task()
                0x038056ac                vex::task::~task()
 .text._ZN3vex4task4stopEPFivE
                0x038056b0        0xc C:\Program Files (x86)\VEX Robotics\VEXcode\sdk/vexv5\libv5rt.a(vex_task.cpp.obj)
                0x038056b0                vex::task::stop(int (*)())
 .text._ZN3vex4task5sleepEm
                0x038056bc        0x4 C:\Program Files (x86)\VEX Robotics\VEXcode\sdk/vexv5\libv5rt.a(vex_task.cpp.obj)
                0x038056bc                vex::task::sleep(unsigned long)
 .text._ZN3vex4task6_indexEPFivE
                0x038056c0       0x14 C:\Program Files (x86)\VEX Robotics\VEXcode\sdk/vexv5\libv5rt.a(vex_task.cpp.obj)
                0x038056c0                vex::task::_index(int (*)())
 .text._ZN3vex4task8_stopAllEv
                0x038056d4       0x3c C:\Program Files (x86)\VEX Robotics\VEXcode\sdk/vexv5\libv5rt.a(vex_task.cpp.obj)
                0x038056d4                vex::task::_stopAll()
 .text._ZN3vex5event4initEmmPFvvE
                0x03805710        0x4 C:\Program Files (x86)\VEX Robotics\VEXcode\sdk/vexv5\libv5rt.a(vex_event.cpp.obj)
                0x03805710                vex::event::init(unsigned long, unsigned long, void (*)())
 .text._ZN3vex5event4initEmmPFvPvES1_
                0x03805714        0x4 C:\Program Files (x86)\VEX Robotics\VEXcode\sdk/vexv5\libv5rt.a(vex_event.cpp.obj)
                0x03805714                vex::event::init(unsigned long, unsigned long, void (*)(void*), void*)
 .text._ZN3vex5event9userindexEv
                0x03805718        0x4 C:\Program Files (x86)\VEX Robotics\VEXcode\sdk/vexv5\libv5rt.a(vex_event.cpp.obj)
                0x03805718                vex::event::userindex()
 .text._ZZN3vex6meventC4EmmENUlvE_4_FUNEv
                0x0380571c        0x4 C:\Program Files (x86)\VEX Robotics\VEXcode\sdk/vexv5\libv5rt.a(vex_mevent.cpp.obj)
 .text._ZN3vex6meventC2Emm
                0x03805720       0x70 C:\Program Files (x86)\VEX Robotics\VEXcode\sdk/vexv5\libv5rt.a(vex_mevent.cpp.obj)
                0x03805720                vex::mevent::mevent(unsigned long, unsigned long)
                0x03805720                vex::mevent::mevent(unsigned long, unsigned long)
 .text._ZN3vex5brainD2Ev
                0x03805790       0x20 C:\Program Files (x86)\VEX Robotics\VEXcode\sdk/vexv5\libv5rt.a(vex_brain.cpp.obj)
                0x03805790                vex::brain::~brain()
                0x03805790                vex::brain::~brain()
 .text._ZN3vex5brain9_getIndexEv
                0x038057b0       0x10 C:\Program Files (x86)\VEX Robotics\VEXcode\sdk/vexv5\libv5rt.a(vex_brain.cpp.obj)
                0x038057b0                vex::brain::_getIndex()
 .text._ZN3vex5brain3lcd9setCursorEll
                0x038057c0       0x44 C:\Program Files (x86)\VEX Robotics\VEXcode\sdk/vexv5\libv5rt.a(vex_brain.cpp.obj)
                0x038057c0                vex::brain::lcd::setCursor(long, long)
 .text._ZN3vex5brain3lcd7setFontENS_8fontTypeE
                0x03805804      0x228 C:\Program Files (x86)\VEX Robotics\VEXcode\sdk/vexv5\libv5rt.a(vex_brain.cpp.obj)
                0x03805804                vex::brain::lcd::setFont(vex::fontType)
 .text._ZN3vex5brain3lcdC2Ev
                0x03805a2c       0x94 C:\Program Files (x86)\VEX Robotics\VEXcode\sdk/vexv5\libv5rt.a(vex_brain.cpp.obj)
                0x03805a2c                vex::brain::lcd::lcd()
                0x03805a2c                vex::brain::lcd::lcd()
 .text._ZN3vex5brainC2Ev
                0x03805ac0       0x40 C:\Program Files (x86)\VEX Robotics\VEXcode\sdk/vexv5\libv5rt.a(vex_brain.cpp.obj)
                0x03805ac0                vex::brain::brain()
                0x03805ac0                vex::brain::brain()
 .text._ZN3vex5brain3lcd11setPenColorERKNS_5colorE
                0x03805b00       0x14 C:\Program Files (x86)\VEX Robotics\VEXcode\sdk/vexv5\libv5rt.a(vex_brain.cpp.obj)
                0x03805b00                vex::brain::lcd::setPenColor(vex::color const&)
 .text._ZN3vex5brain3lcd12_clearScreenEm
                0x03805b14       0x38 C:\Program Files (x86)\VEX Robotics\VEXcode\sdk/vexv5\libv5rt.a(vex_brain.cpp.obj)
                0x03805b14                vex::brain::lcd::_clearScreen(unsigned long)
 .text._ZN3vex5brain3lcd11clearScreenERKNS_5colorE
                0x03805b4c       0x20 C:\Program Files (x86)\VEX Robotics\VEXcode\sdk/vexv5\libv5rt.a(vex_brain.cpp.obj)
                0x03805b4c                vex::brain::lcd::clearScreen(vex::color const&)
 .text._ZN3vex5brain3lcd11clearScreenEv
                0x03805b6c       0x2c C:\Program Files (x86)\VEX Robotics\VEXcode\sdk/vexv5\libv5rt.a(vex_brain.cpp.obj)
                0x03805b6c                vex::brain::lcd::clearScreen()
 .text._ZN3vex5brain3lcd13drawRectangleEiiii
                0x03805b98       0xdc C:\Program Files (x86)\VEX Robotics\VEXcode\sdk/vexv5\libv5rt.a(vex_brain.cpp.obj)
                0x03805b98                vex::brain::lcd::drawRectangle(int, int, int, int)
 .text._ZN3vex5brain3lcd14_drawRectangleEiiiim
                0x03805c74       0x74 C:\Program Files (x86)\VEX Robotics\VEXcode\sdk/vexv5\libv5rt.a(vex_brain.cpp.obj)
                0x03805c74                vex::brain::lcd::_drawRectangle(int, int, int, int, unsigned long)
 .text._ZN3vex5brain3lcd13drawRectangleEiiiiRKNS_5colorE
                0x03805ce8       0x68 C:\Program Files (x86)\VEX Robotics\VEXcode\sdk/vexv5\libv5rt.a(vex_brain.cpp.obj)
                0x03805ce8                vex::brain::lcd::drawRectangle(int, int, int, int, vex::color const&)
 .text._ZN3vex5brain3lcd7newLineEv
                0x03805d50       0x20 C:\Program Files (x86)\VEX Robotics\VEXcode\sdk/vexv5\libv5rt.a(vex_brain.cpp.obj)
                0x03805d50                vex::brain::lcd::newLine()
 .text._ZN3vex5brain3lcd9xPositionEv
                0x03805d70       0x24 C:\Program Files (x86)\VEX Robotics\VEXcode\sdk/vexv5\libv5rt.a(vex_brain.cpp.obj)
                0x03805d70                vex::brain::lcd::xPosition()
 .text._ZN3vex5brain3lcd9yPositionEv
                0x03805d94       0x24 C:\Program Files (x86)\VEX Robotics\VEXcode\sdk/vexv5\libv5rt.a(vex_brain.cpp.obj)
                0x03805d94                vex::brain::lcd::yPosition()
 .text._ZN3vex5brain3lcd8pressingEv
                0x03805db8       0x20 C:\Program Files (x86)\VEX Robotics\VEXcode\sdk/vexv5\libv5rt.a(vex_brain.cpp.obj)
                0x03805db8                vex::brain::lcd::pressing()
 .text._ZN3vex5brain3lcd10rowToPixelEl
                0x03805dd8       0x34 C:\Program Files (x86)\VEX Robotics\VEXcode\sdk/vexv5\libv5rt.a(vex_brain.cpp.obj)
                0x03805dd8                vex::brain::lcd::rowToPixel(long)
 .text._ZN3vex5brain3lcd10colToPixelEl
                0x03805e0c       0x1c C:\Program Files (x86)\VEX Robotics\VEXcode\sdk/vexv5\libv5rt.a(vex_brain.cpp.obj)
                0x03805e0c                vex::brain::lcd::colToPixel(long)
 .text._ZN3vex5brain3lcd5printEPKcz
                0x03805e28       0xa0 C:\Program Files (x86)\VEX Robotics\VEXcode\sdk/vexv5\libv5rt.a(vex_brain.cpp.obj)
                0x03805e28                vex::brain::lcd::print(char const*, ...)
 .text._ZN3vex11competition8_disableEPv
                0x03805ec8       0x9c C:\Program Files (x86)\VEX Robotics\VEXcode\sdk/vexv5\libv5rt.a(vex_competition.cpp.obj)
                0x03805ec8                vex::competition::_disable(void*)
 .text._ZN3vex11competition11_autonomousEv
                0x03805f64       0x7c C:\Program Files (x86)\VEX Robotics\VEXcode\sdk/vexv5\libv5rt.a(vex_competition.cpp.obj)
                0x03805f64                vex::competition::_autonomous()
 .text._ZN3vex11competition14_drivercontrolEv
                0x03805fe0       0x7c C:\Program Files (x86)\VEX Robotics\VEXcode\sdk/vexv5\libv5rt.a(vex_competition.cpp.obj)
                0x03805fe0                vex::competition::_drivercontrol()
 .text._ZN3vex11competitionC2Ev
                0x0380605c      0x13c C:\Program Files (x86)\VEX Robotics\VEXcode\sdk/vexv5\libv5rt.a(vex_competition.cpp.obj)
                0x0380605c                vex::competition::competition()
                0x0380605c                vex::competition::competition()
 .text._ZN3vex11competitionD2Ev
                0x03806198        0x4 C:\Program Files (x86)\VEX Robotics\VEXcode\sdk/vexv5\libv5rt.a(vex_competition.cpp.obj)
                0x03806198                vex::competition::~competition()
                0x03806198                vex::competition::~competition()
 .text._ZN3vex11competition10autonomousEPFvvE
                0x0380619c       0x44 C:\Program Files (x86)\VEX Robotics\VEXcode\sdk/vexv5\libv5rt.a(vex_competition.cpp.obj)
                0x0380619c                vex::competition::autonomous(void (*)())
 .text._ZN3vex11competition13drivercontrolEPFvvE
                0x038061e0       0x44 C:\Program Files (x86)\VEX Robotics\VEXcode\sdk/vexv5\libv5rt.a(vex_competition.cpp.obj)
                0x038061e0                vex::competition::drivercontrol(void (*)())
 .text._ZN3vex7triport9installedEv
                0x03806224       0x18 C:\Program Files (x86)\VEX Robotics\VEXcode\sdk/vexv5\libv5rt.a(vex_triport.cpp.obj)
                0x03806224                vex::triport::installed()
 .text._ZN3vex7triportD2Ev
                0x0380623c       0x38 C:\Program Files (x86)\VEX Robotics\VEXcode\sdk/vexv5\libv5rt.a(vex_triport.cpp.obj)
                0x0380623c                vex::triport::~triport()
                0x0380623c                vex::triport::~triport()
 .text._ZN3vex7triport4portC2ElPS0_
                0x03806274       0x90 C:\Program Files (x86)\VEX Robotics\VEXcode\sdk/vexv5\libv5rt.a(vex_triport.cpp.obj)
                0x03806274                vex::triport::port::port(long, vex::triport*)
                0x03806274                vex::triport::port::port(long, vex::triport*)
 .text._ZN3vex7triportC2El
                0x03806304       0xf0 C:\Program Files (x86)\VEX Robotics\VEXcode\sdk/vexv5\libv5rt.a(vex_triport.cpp.obj)
                0x03806304                vex::triport::triport(long)
                0x03806304                vex::triport::triport(long)
 .text._ZN3vex7triport4port4typeENS_11triportTypeE
                0x038063f4       0x34 C:\Program Files (x86)\VEX Robotics\VEXcode\sdk/vexv5\libv5rt.a(vex_triport.cpp.obj)
                0x038063f4                vex::triport::port::type(vex::triportType)
 .text._ZN3vex7triport4port4typeEv
                0x03806428       0x38 C:\Program Files (x86)\VEX Robotics\VEXcode\sdk/vexv5\libv5rt.a(vex_triport.cpp.obj)
                0x03806428                vex::triport::port::type()
 .text._ZN3vex7triport4port5valueEv
                0x03806460       0x14 C:\Program Files (x86)\VEX Robotics\VEXcode\sdk/vexv5\libv5rt.a(vex_triport.cpp.obj)
                0x03806460                vex::triport::port::value()
 .text._ZN3vex7triport4port5valueEl
                0x03806474       0x18 C:\Program Files (x86)\VEX Robotics\VEXcode\sdk/vexv5\libv5rt.a(vex_triport.cpp.obj)
                0x03806474                vex::triport::port::value(long)
 .text._ZN3vex11__trideviceC2ERNS_7triport4portENS_11triportTypeE
                0x0380648c       0x5c C:\Program Files (x86)\VEX Robotics\VEXcode\sdk/vexv5\libv5rt.a(vex_triport.cpp.obj)
                0x0380648c                vex::__tridevice::__tridevice(vex::triport::port&, vex::triportType)
                0x0380648c                vex::__tridevice::__tridevice(vex::triport::port&, vex::triportType)
 .text._ZN3vex6bumperC2ERNS_7triport4portE
                0x038064e8       0x28 C:\Program Files (x86)\VEX Robotics\VEXcode\sdk/vexv5\libv5rt.a(vex_triport.cpp.obj)
                0x038064e8                vex::bumper::bumper(vex::triport::port&)
                0x038064e8                vex::bumper::bumper(vex::triport::port&)
 .text._ZN3vex6bumperD2Ev
                0x03806510        0x4 C:\Program Files (x86)\VEX Robotics\VEXcode\sdk/vexv5\libv5rt.a(vex_triport.cpp.obj)
                0x03806510                vex::bumper::~bumper()
                0x03806510                vex::bumper::~bumper()
 .text._ZN3vex6bumper5valueEv
                0x03806514        0x8 C:\Program Files (x86)\VEX Robotics\VEXcode\sdk/vexv5\libv5rt.a(vex_triport.cpp.obj)
                0x03806514                vex::bumper::value()
 .text._ZN3vex11digital_outC2ERNS_7triport4portE
                0x0380651c       0x18 C:\Program Files (x86)\VEX Robotics\VEXcode\sdk/vexv5\libv5rt.a(vex_triport.cpp.obj)
                0x0380651c                vex::digital_out::digital_out(vex::triport::port&)
                0x0380651c                vex::digital_out::digital_out(vex::triport::port&)
 .text._ZN3vex11digital_outD2Ev
                0x03806534        0x4 C:\Program Files (x86)\VEX Robotics\VEXcode\sdk/vexv5\libv5rt.a(vex_triport.cpp.obj)
                0x03806534                vex::digital_out::~digital_out()
                0x03806534                vex::digital_out::~digital_out()
 .text._ZN3vex11digital_out5valueEv
                0x03806538        0x8 C:\Program Files (x86)\VEX Robotics\VEXcode\sdk/vexv5\libv5rt.a(vex_triport.cpp.obj)
                0x03806538                vex::digital_out::value()
 .text._ZN3vex11digital_out3setEb
                0x03806540        0x8 C:\Program Files (x86)\VEX Robotics\VEXcode\sdk/vexv5\libv5rt.a(vex_triport.cpp.obj)
                0x03806540                vex::digital_out::set(bool)
 .text.startup._GLOBAL__sub_I__ZN3vex7triportC2El
                0x03806548       0x30 C:\Program Files (x86)\VEX Robotics\VEXcode\sdk/vexv5\libv5rt.a(vex_triport.cpp.obj)
 .text._ZN3vex5colorD2Ev
                0x03806578        0x4 C:\Program Files (x86)\VEX Robotics\VEXcode\sdk/vexv5\libv5rt.a(vex_color.cpp.obj)
                0x03806578                vex::color::~color()
                0x03806578                vex::color::~color()
 .text._ZNK3vex5colorcvmEv
                0x0380657c        0x8 C:\Program Files (x86)\VEX Robotics\VEXcode\sdk/vexv5\libv5rt.a(vex_color.cpp.obj)
                0x0380657c                vex::color::operator unsigned long() const
 .text._ZNK3vex5color13isTransparentEv
                0x03806584        0x8 C:\Program Files (x86)\VEX Robotics\VEXcode\sdk/vexv5\libv5rt.a(vex_color.cpp.obj)
                0x03806584                vex::color::isTransparent() const
 .text.startup._GLOBAL__sub_I__ZN3vex5color5blackE
                0x0380658c      0x164 C:\Program Files (x86)\VEX Robotics\VEXcode\sdk/vexv5\libv5rt.a(vex_color.cpp.obj)
 .text._ZN3vex5timerD2Ev
                0x038066f0        0x4 C:\Program Files (x86)\VEX Robotics\VEXcode\sdk/vexv5\libv5rt.a(vex_timer.cpp.obj)
                0x038066f0                vex::timer::~timer()
                0x038066f0                vex::timer::~timer()
 .text._ZN3vex5timer5clearEv
                0x038066f4       0x1c C:\Program Files (x86)\VEX Robotics\VEXcode\sdk/vexv5\libv5rt.a(vex_timer.cpp.obj)
                0x038066f4                vex::timer::clear()
 .text._ZN3vex5timerC2Ev
                0x03806710       0x14 C:\Program Files (x86)\VEX Robotics\VEXcode\sdk/vexv5\libv5rt.a(vex_timer.cpp.obj)
                0x03806710                vex::timer::timer()
                0x03806710                vex::timer::timer()
 .text.vexAdiPortConfigSet
                0x03806724       0x28 C:\Program Files (x86)\VEX Robotics\VEXcode\sdk/vexv5\libv5rt.a(v5_apiuser.c.obj)
                0x03806724                vexAdiPortConfigSet
 .text.vexAdiPortConfigGet
                0x0380674c       0x28 C:\Program Files (x86)\VEX Robotics\VEXcode\sdk/vexv5\libv5rt.a(v5_apiuser.c.obj)
                0x0380674c                vexAdiPortConfigGet
 .text.vexAdiValueSet
                0x03806774       0x28 C:\Program Files (x86)\VEX Robotics\VEXcode\sdk/vexv5\libv5rt.a(v5_apiuser.c.obj)
                0x03806774                vexAdiValueSet
 .text.vexAdiValueGet
                0x0380679c       0x20 C:\Program Files (x86)\VEX Robotics\VEXcode\sdk/vexv5\libv5rt.a(v5_apiuser.c.obj)
                0x0380679c                vexAdiValueGet
 .text.vexMotorVelocitySet
                0x038067bc       0x20 C:\Program Files (x86)\VEX Robotics\VEXcode\sdk/vexv5\libv5rt.a(v5_apiuser.c.obj)
                0x038067bc                vexMotorVelocitySet
 .text.vexMotorActualVelocityGet
                0x038067dc       0x24 C:\Program Files (x86)\VEX Robotics\VEXcode\sdk/vexv5\libv5rt.a(v5_apiuser.c.obj)
                0x038067dc                vexMotorActualVelocityGet
 .text.vexMotorZeroPositionFlagGet
                0x03806800       0x18 C:\Program Files (x86)\VEX Robotics\VEXcode\sdk/vexv5\libv5rt.a(v5_apiuser.c.obj)
                0x03806800                vexMotorZeroPositionFlagGet
 .text.vexMotorReverseFlagSet
                0x03806818       0x20 C:\Program Files (x86)\VEX Robotics\VEXcode\sdk/vexv5\libv5rt.a(v5_apiuser.c.obj)
                0x03806818                vexMotorReverseFlagSet
 .text.vexMotorEncoderUnitsSet
                0x03806838       0x20 C:\Program Files (x86)\VEX Robotics\VEXcode\sdk/vexv5\libv5rt.a(v5_apiuser.c.obj)
                0x03806838                vexMotorEncoderUnitsSet
 .text.vexMotorBrakeModeSet
                0x03806858       0x20 C:\Program Files (x86)\VEX Robotics\VEXcode\sdk/vexv5\libv5rt.a(v5_apiuser.c.obj)
                0x03806858                vexMotorBrakeModeSet
 .text.vexMotorPositionSet
                0x03806878       0x28 C:\Program Files (x86)\VEX Robotics\VEXcode\sdk/vexv5\libv5rt.a(v5_apiuser.c.obj)
                0x03806878                vexMotorPositionSet
 .text.vexMotorPositionGet
                0x038068a0       0x24 C:\Program Files (x86)\VEX Robotics\VEXcode\sdk/vexv5\libv5rt.a(v5_apiuser.c.obj)
                0x038068a0                vexMotorPositionGet
 .text.vexMotorAbsoluteTargetSet
                0x038068c4       0x30 C:\Program Files (x86)\VEX Robotics\VEXcode\sdk/vexv5\libv5rt.a(v5_apiuser.c.obj)
                0x038068c4                vexMotorAbsoluteTargetSet
 .text.vexMotorGearingSet
                0x038068f4       0x20 C:\Program Files (x86)\VEX Robotics\VEXcode\sdk/vexv5\libv5rt.a(v5_apiuser.c.obj)
                0x038068f4                vexMotorGearingSet
 .text.vexMotorGearingGet
                0x03806914       0x18 C:\Program Files (x86)\VEX Robotics\VEXcode\sdk/vexv5\libv5rt.a(v5_apiuser.c.obj)
                0x03806914                vexMotorGearingGet
 .text.vexEventMaskSet
                0x0380692c       0x28 C:\Program Files (x86)\VEX Robotics\VEXcode\sdk/vexv5\libv5rt.a(v5_apiuser.c.obj)
                0x0380692c                vexEventMaskSet
 .text.vexEventMaskGet
                0x03806954       0x18 C:\Program Files (x86)\VEX Robotics\VEXcode\sdk/vexv5\libv5rt.a(v5_apiuser.c.obj)
                0x03806954                vexEventMaskGet
 .text._ZN3vex6device5valueEv
                0x0380696c        0x8 C:\Program Files (x86)\VEX Robotics\VEXcode\sdk/vexv5\libv5rt.a(vex_device.cpp.obj)
                0x0380696c                vex::device::value()
 .text._ZN3vex6deviceD2Ev
                0x03806974        0x4 C:\Program Files (x86)\VEX Robotics\VEXcode\sdk/vexv5\libv5rt.a(vex_device.cpp.obj)
                0x03806974                vex::device::~device()
                0x03806974                vex::device::~device()
 .text._ZN3vex6device4initEl
                0x03806978       0x30 C:\Program Files (x86)\VEX Robotics\VEXcode\sdk/vexv5\libv5rt.a(vex_device.cpp.obj)
                0x03806978                vex::device::init(long)
 .text._ZN3vex6deviceC2El
                0x038069a8       0x20 C:\Program Files (x86)\VEX Robotics\VEXcode\sdk/vexv5\libv5rt.a(vex_device.cpp.obj)
                0x038069a8                vex::device::device(long)
                0x038069a8                vex::device::device(long)
 .text._ZN3vex6device4typeEv
                0x038069c8       0x10 C:\Program Files (x86)\VEX Robotics\VEXcode\sdk/vexv5\libv5rt.a(vex_device.cpp.obj)
                0x038069c8                vex::device::type()
 .text._ZN3vex6device9installedEv
                0x038069d8       0x14 C:\Program Files (x86)\VEX Robotics\VEXcode\sdk/vexv5\libv5rt.a(vex_device.cpp.obj)
                0x038069d8                vex::device::installed()
 .text.__libc_fini_array
                0x038069ec       0x30 C:\Program Files (x86)\VEX Robotics\VEXcode\sdk/vexv5/gcc/libs\libc.a(lib_a-fini.o)
                0x038069ec                __libc_fini_array
 .text.__libc_init_array
                0x03806a1c       0x58 C:\Program Files (x86)\VEX Robotics\VEXcode\sdk/vexv5/gcc/libs\libc.a(lib_a-init.o)
                0x03806a1c                __libc_init_array
 *fill*         0x03806a74        0x4 
 .text.__libc_init_array.__stub
                0x03806a78       0x18 linker stubs
 *(.gnu.linkonce.t.*)
 *(.plt)
 *(.gnu_warning)
 *(.gcc_except_table)
 *(.glue_7)
 .glue_7        0x00000000        0x0 linker stubs
 *(.glue_7t)
 .glue_7t       0x00000000        0x0 linker stubs
 *(.vfp11_veneer)
 .vfp11_veneer  0x00000000        0x0 linker stubs
 *(.ARM.extab)
 *(.gnu.linkonce.armextab.*)

.v4_bx          0x03806a90        0x0
 .v4_bx         0x00000000        0x0 linker stubs

.iplt           0x03806a90        0x0
 .iplt          0x00000000        0x0 build/src/auto1.o

.init
 *(.init)

.fini
 *(.fini)

.rodata         0x03806a90      0x1f4
                0x03806a90                __rodata_start = .
 *(.rodata)
 *(.rodata.*)
 .rodata.str1.1
                0x03806a90       0xc7 build/src/EchoFunctions.o
                                 0xca (size before relaxing)
 *fill*         0x03806b57        0x9 
 .rodata..Lswitch.table._ZN5Robot9autonLiftEi
                0x03806b60       0x18 build/src/EchoFunctions.o
 .rodata.str1.1
                0x03806b78       0x2e C:\Program Files (x86)\VEX Robotics\VEXcode\sdk/vexv5\libv5rt.a(v5_startup.c.obj)
 *fill*         0x03806ba6        0x2 
 .rodata._ZN3vex6PORT22E
                0x03806ba8        0x4 C:\Program Files (x86)\VEX Robotics\VEXcode\sdk/vexv5\libv5rt.a(vex_global.cpp.obj)
                0x03806ba8                vex::PORT22
 .rodata._ZN3vex5PORT2E
                0x03806bac        0x4 C:\Program Files (x86)\VEX Robotics\VEXcode\sdk/vexv5\libv5rt.a(vex_global.cpp.obj)
                0x03806bac                vex::PORT2
 .rodata._ZN3vex6PORT11E
                0x03806bb0        0x4 C:\Program Files (x86)\VEX Robotics\VEXcode\sdk/vexv5\libv5rt.a(vex_global.cpp.obj)
                0x03806bb0                vex::PORT11
 .rodata._ZN3vex6PORT15E
                0x03806bb4        0x4 C:\Program Files (x86)\VEX Robotics\VEXcode\sdk/vexv5\libv5rt.a(vex_global.cpp.obj)
                0x03806bb4                vex::PORT15
 .rodata._ZN3vex5PORT4E
                0x03806bb8        0x4 C:\Program Files (x86)\VEX Robotics\VEXcode\sdk/vexv5\libv5rt.a(vex_global.cpp.obj)
                0x03806bb8                vex::PORT4
 .rodata._ZN3vex6PORT17E
                0x03806bbc        0x4 C:\Program Files (x86)\VEX Robotics\VEXcode\sdk/vexv5\libv5rt.a(vex_global.cpp.obj)
                0x03806bbc                vex::PORT17
 .rodata._ZN3vex5PORT5E
                0x03806bc0        0x4 C:\Program Files (x86)\VEX Robotics\VEXcode\sdk/vexv5\libv5rt.a(vex_global.cpp.obj)
                0x03806bc0                vex::PORT5
 .rodata._ZN3vex5PORT6E
                0x03806bc4        0x4 C:\Program Files (x86)\VEX Robotics\VEXcode\sdk/vexv5\libv5rt.a(vex_global.cpp.obj)
                0x03806bc4                vex::PORT6
 .rodata._ZN3vex5PORT7E
                0x03806bc8        0x4 C:\Program Files (x86)\VEX Robotics\VEXcode\sdk/vexv5\libv5rt.a(vex_global.cpp.obj)
                0x03806bc8                vex::PORT7
 .rodata._ZN3vex5PORT1E
                0x03806bcc        0x4 C:\Program Files (x86)\VEX Robotics\VEXcode\sdk/vexv5\libv5rt.a(vex_global.cpp.obj)
                0x03806bcc                vex::PORT1
 .rodata._ZN3vex5PORT8E
                0x03806bd0        0x4 C:\Program Files (x86)\VEX Robotics\VEXcode\sdk/vexv5\libv5rt.a(vex_global.cpp.obj)
                0x03806bd0                vex::PORT8
 .rodata._ZN3vex5PORT9E
                0x03806bd4        0x4 C:\Program Files (x86)\VEX Robotics\VEXcode\sdk/vexv5\libv5rt.a(vex_global.cpp.obj)
                0x03806bd4                vex::PORT9
 .rodata._ZN3vex6PORT10E
                0x03806bd8        0x4 C:\Program Files (x86)\VEX Robotics\VEXcode\sdk/vexv5\libv5rt.a(vex_global.cpp.obj)
                0x03806bd8                vex::PORT10
 .rodata._ZN3vex6PORT19E
                0x03806bdc        0x4 C:\Program Files (x86)\VEX Robotics\VEXcode\sdk/vexv5\libv5rt.a(vex_global.cpp.obj)
                0x03806bdc                vex::PORT19
 .rodata._ZN3vex6PORT16E
                0x03806be0        0x4 C:\Program Files (x86)\VEX Robotics\VEXcode\sdk/vexv5\libv5rt.a(vex_global.cpp.obj)
                0x03806be0                vex::PORT16
 .rodata._ZN3vex6PORT18E
                0x03806be4        0x4 C:\Program Files (x86)\VEX Robotics\VEXcode\sdk/vexv5\libv5rt.a(vex_global.cpp.obj)
                0x03806be4                vex::PORT18
 .rodata._ZN3vex5PORT3E
                0x03806be8        0x4 C:\Program Files (x86)\VEX Robotics\VEXcode\sdk/vexv5\libv5rt.a(vex_global.cpp.obj)
                0x03806be8                vex::PORT3
 .rodata._ZN3vex6PORT20E
                0x03806bec        0x4 C:\Program Files (x86)\VEX Robotics\VEXcode\sdk/vexv5\libv5rt.a(vex_global.cpp.obj)
                0x03806bec                vex::PORT20
 .rodata._ZTVN3vex5motorE
                0x03806bf0       0x10 C:\Program Files (x86)\VEX Robotics\VEXcode\sdk/vexv5\libv5rt.a(vex_motor.cpp.obj)
                0x03806bf0                vtable for vex::motor
 .rodata.CSWTCH.15
                0x03806c00        0xb C:\Program Files (x86)\VEX Robotics\VEXcode\sdk/vexv5\libv5rt.a(vex_controller.cpp.obj)
 .rodata.CSWTCH.17
                0x03806c0b        0xb C:\Program Files (x86)\VEX Robotics\VEXcode\sdk/vexv5\libv5rt.a(vex_controller.cpp.obj)
 .rodata.CSWTCH.23
                0x03806c16        0x3 C:\Program Files (x86)\VEX Robotics\VEXcode\sdk/vexv5\libv5rt.a(vex_controller.cpp.obj)
 .rodata.str1.1
                0x03806c19        0xa C:\Program Files (x86)\VEX Robotics\VEXcode\sdk/vexv5\libv5rt.a(vex_task.cpp.obj)
 .rodata.str1.1
                0x03806c23       0x1a C:\Program Files (x86)\VEX Robotics\VEXcode\sdk/vexv5\libv5rt.a(vex_brain.cpp.obj)
 *fill*         0x03806c3d        0x3 
 .rodata._ZTVN3vex7triportE
                0x03806c40       0x10 C:\Program Files (x86)\VEX Robotics\VEXcode\sdk/vexv5\libv5rt.a(vex_triport.cpp.obj)
                0x03806c40                vtable for vex::triport
 .rodata.CSWTCH.30
                0x03806c50       0x10 C:\Program Files (x86)\VEX Robotics\VEXcode\sdk/vexv5\libv5rt.a(vex_triport.cpp.obj)
 .rodata.CSWTCH.25
                0x03806c60        0xe C:\Program Files (x86)\VEX Robotics\VEXcode\sdk/vexv5\libv5rt.a(vex_triport.cpp.obj)
 *fill*         0x03806c6e        0x2 
 .rodata._ZTVN3vex6deviceE
                0x03806c70       0x10 C:\Program Files (x86)\VEX Robotics\VEXcode\sdk/vexv5\libv5rt.a(vex_device.cpp.obj)
                0x03806c70                vtable for vex::device
 .rodata.str1.4
                0x03806c80        0x4 C:\Program Files (x86)\VEX Robotics\VEXcode\sdk/vexv5/gcc/libs\libc.a(lib_a-impure.o)
                                  0x2 (size before relaxing)
 *(.gnu.linkonce.r.*)
                0x03806c84                __rodata_end = .

.rodata1        0x03806c84        0x0
                0x03806c84                __rodata1_start = .
 *(.rodata1)
 *(.rodata1.*)
                0x03806c84                __rodata1_end = .

.sdata2         0x03806c84        0x0
                0x03806c84                __sdata2_start = .
 *(.sdata2)
 *(.sdata2.*)
 *(.gnu.linkonce.s2.*)
                0x03806c84                __sdata2_end = .

.sbss2          0x03806c84        0x0
                0x03806c84                __sbss2_start = .
 *(.sbss2)
 *(.sbss2.*)
 *(.gnu.linkonce.sb2.*)
                0x03806c84                __sbss2_end = .

.data           0x03806c88      0x45c
                0x03806c88                __data_start = .
 *(.data)
 *(.data.*)
 .data.mode     0x03806c88        0x4 build/src/EchoFunctions.o
                0x03806c88                mode
 *fill*         0x03806c8c        0x4 
 .data.xm0      0x03806c90        0x8 build/src/EchoFunctions.o
                0x03806c90                xm0
 .data.ym0      0x03806c98        0x8 build/src/EchoFunctions.o
                0x03806c98                ym0
 .data.r        0x03806ca0        0x4 build/src/EchoFunctions.o
                0x03806ca0                r
 .data.appRunning
                0x03806ca4        0x4 C:\Program Files (x86)\VEX Robotics\VEXcode\sdk/vexv5\libv5rt.a(v5_startup.c.obj)
                0x03806ca4                appRunning
 .data.__yoff   0x03806ca8        0x4 C:\Program Files (x86)\VEX Robotics\VEXcode\sdk/vexv5\libv5rt.a(v5_apijump.c.obj)
 .data._ZN3vex3rpmE
                0x03806cac        0x4 C:\Program Files (x86)\VEX Robotics\VEXcode\sdk/vexv5\libv5rt.a(vex_global.cpp.obj)
                0x03806cac                vex::rpm
 .data._ZN3vex4holdE
                0x03806cb0        0x4 C:\Program Files (x86)\VEX Robotics\VEXcode\sdk/vexv5\libv5rt.a(vex_global.cpp.obj)
                0x03806cb0                vex::hold
 *fill*         0x03806cb4        0x4 
 .data.impure_data
                0x03806cb8      0x428 C:\Program Files (x86)\VEX Robotics\VEXcode\sdk/vexv5/gcc/libs\libc.a(lib_a-impure.o)
 .data._impure_ptr
                0x038070e0        0x4 C:\Program Files (x86)\VEX Robotics\VEXcode\sdk/vexv5/gcc/libs\libc.a(lib_a-impure.o)
                0x038070e0                _impure_ptr
 *(.gnu.linkonce.d.*)
 *(.jcr)
 *(.got)
 *(.got.plt)
                0x038070e4                __data_end = .

.igot.plt       0x038070e4        0x0
 .igot.plt      0x00000000        0x0 build/src/auto1.o

.data1          0x038070e4        0x0
                0x038070e4                __data1_start = .
 *(.data1)
 *(.data1.*)
                0x038070e4                __data1_end = .

.got
 *(.got)

.ctors          0x038070e4        0x0
                0x038070e4                __CTOR_LIST__ = .
                0x038070e4                ___CTORS_LIST___ = .
 *crtbegin.o(.ctors)
 *(EXCLUDE_FILE(*crtend.o) .ctors)
 *(SORT(.ctors.*))
 *(.ctors)
                0x038070e4                __CTOR_END__ = .
                0x038070e4                ___CTORS_END___ = .

.dtors          0x038070e4        0x0
                0x038070e4                __DTOR_LIST__ = .
                0x038070e4                ___DTORS_LIST___ = .
 *crtbegin.o(.dtors)
 *(EXCLUDE_FILE(*crtend.o) .dtors)
 *(SORT(.dtors.*))
 *(.dtors)
                0x038070e4                __DTOR_END__ = .
                0x038070e4                ___DTORS_END___ = .

.fixup          0x038070e4        0x0
                0x038070e4                __fixup_start = .
 *(.fixup)
                0x038070e4                __fixup_end = .

.eh_frame
 *(.eh_frame)

.eh_framehdr    0x038070e4        0x0
                0x038070e4                __eh_framehdr_start = .
 *(.eh_framehdr)
                0x038070e4                __eh_framehdr_end = .

.gcc_except_table
 *(.gcc_except_table)

.mmu_tbl        0x03808000        0x0
                0x03808000                __mmu_tbl_start = .
 *(.mmu_tbl)
                0x03808000                __mmu_tbl_end = .

.ARM.exidx      0x038070e4        0x8
                0x038070e4                __exidx_start = .
 *(.ARM.exidx*)
 .ARM.exidx.text._ZN5Robot5auto1Ev
                0x038070e4        0x8 build/src/auto1.o
 .ARM.exidx.text._Z10autonomousv
                0x038070ec        0x0 build/src/main.o
                                  0x8 (size before relaxing)
 .ARM.exidx.text._Z11usercontrolv
                0x038070ec        0x0 build/src/main.o
                                  0x8 (size before relaxing)
 .ARM.exidx.text.main
                0x038070ec        0x0 build/src/main.o
                                  0x8 (size before relaxing)
 .ARM.exidx.text._GLOBAL__sub_I_main.cpp
                0x038070ec        0x0 build/src/main.o
                                  0x8 (size before relaxing)
 .ARM.exidx.text._ZN5Robot5blue1Ev
                0x038070ec        0x0 build/src/blue1.o
                                  0x8 (size before relaxing)
 .ARM.exidx.text._ZN5Robot4red2Ev
                0x038070ec        0x0 build/src/red2.o
                                  0x8 (size before relaxing)
 .ARM.exidx.text._ZN5Robot4red1Ev
                0x038070ec        0x0 build/src/red1.o
                                  0x8 (size before relaxing)
 .ARM.exidx.text._ZN5RobotC2Eb
                0x038070ec        0x0 build/src/EchoFunctions.o
                                  0x8 (size before relaxing)
 .ARM.exidx.text._Z6driverv
                0x038070ec        0x0 build/src/EchoFunctions.o
                                  0x8 (size before relaxing)
 .ARM.exidx.text._ZN5Robot5startEv
                0x038070ec        0x0 build/src/EchoFunctions.o
                                  0x8 (size before relaxing)
 .ARM.exidx.text._Z4firev
                0x038070ec        0x0 build/src/EchoFunctions.o
                                  0x8 (size before relaxing)
 .ARM.exidx.text._ZN5Robot4waitEi
                0x038070ec        0x0 build/src/EchoFunctions.o
                                  0x8 (size before relaxing)
 .ARM.exidx.text._Z4downv
                0x038070ec        0x0 build/src/EchoFunctions.o
                                  0x8 (size before relaxing)
 .ARM.exidx.text._ZN5Robot10toggleModeEv
                0x038070ec        0x0 build/src/EchoFunctions.o
                                  0x8 (size before relaxing)
 .ARM.exidx.text._ZN5Robot11toggleWristEv
                0x038070ec        0x0 build/src/EchoFunctions.o
                                  0x8 (size before relaxing)
 .ARM.exidx.text._ZN5Robot7CapDropEv
                0x038070ec        0x0 build/src/EchoFunctions.o
                                  0x8 (size before relaxing)
 .ARM.exidx.text._ZN5Robot4GrabEb
                0x038070ec        0x0 build/src/EchoFunctions.o
                                  0x8 (size before relaxing)
 .ARM.exidx.text._ZN5Robot5YoinkEb
                0x038070ec        0x0 build/src/EchoFunctions.o
                                  0x8 (size before relaxing)
 .ARM.exidx.text._ZN5Robot10WristCheckEv
                0x038070ec        0x0 build/src/EchoFunctions.o
                                  0x8 (size before relaxing)
 .ARM.exidx.text._ZN5Robot8WristConEv
                0x038070ec        0x0 build/src/EchoFunctions.o
                                  0x8 (size before relaxing)
 .ARM.exidx.text._ZN5Robot9autonLiftEi
                0x038070ec        0x0 build/src/EchoFunctions.o
                                  0x8 (size before relaxing)
 .ARM.exidx.text._ZN5Robot7liftConEv
                0x038070ec        0x0 build/src/EchoFunctions.o
                                  0x8 (size before relaxing)
 .ARM.exidx.text._ZN5Robot9intakeConEi
                0x038070ec        0x0 build/src/EchoFunctions.o
                                  0x8 (size before relaxing)
 .ARM.exidx.text._ZN5Robot5resetEv
                0x038070ec        0x0 build/src/EchoFunctions.o
                                  0x8 (size before relaxing)
 .ARM.exidx.text._ZN5Robot8autoInitEv
                0x038070ec        0x0 build/src/EchoFunctions.o
                                  0x8 (size before relaxing)
 .ARM.exidx.text._ZN5Robot7endAutoEv
                0x038070ec        0x0 build/src/EchoFunctions.o
                                  0x8 (size before relaxing)
 .ARM.exidx.text._ZN5Robot4turnEdd
                0x038070ec        0x0 build/src/EchoFunctions.o
                                  0x8 (size before relaxing)
 .ARM.exidx.text._ZN5Robot4moveEdd
                0x038070ec        0x0 build/src/EchoFunctions.o
                                  0x8 (size before relaxing)
 .ARM.exidx.text._ZN5Robot6strafeEdd
                0x038070ec        0x0 build/src/EchoFunctions.o
                                  0x8 (size before relaxing)
 .ARM.exidx.text._ZN5Robot8autoFireEv
                0x038070ec        0x0 build/src/EchoFunctions.o
                                  0x8 (size before relaxing)
 .ARM.exidx.text._ZN5Robot4YeetEv
                0x038070ec        0x0 build/src/EchoFunctions.o
                                  0x8 (size before relaxing)
 .ARM.exidx.text._Z10autoSelectv
                0x038070ec        0x0 build/src/EchoFunctions.o
                                  0x8 (size before relaxing)
 .ARM.exidx.text._GLOBAL__sub_I_EchoFunctions.cpp
                0x038070ec        0x0 build/src/EchoFunctions.o
                                  0x8 (size before relaxing)
 *(.gnu.linkonce.armexidix.*.*)
                0x038070ec                __exidx_end = .

.rel.dyn        0x038070ec        0x0
 .rel.iplt      0x00000000        0x0 build/src/auto1.o

.preinit_array  0x038070ec        0x0
                0x038070ec                __preinit_array_start = .
 *(SORT(.preinit_array.*))
 *(.preinit_array)
                0x038070ec                __preinit_array_end = .

.init_array     0x038070ec       0x14
                0x038070ec                __init_array_start = .
 *(SORT(.init_array.*))
 *(.init_array)
 .init_array    0x038070ec        0x4 build/src/main.o
 .init_array    0x038070f0        0x4 build/src/EchoFunctions.o
 .init_array    0x038070f4        0x4 C:\Program Files (x86)\VEX Robotics\VEXcode\sdk/vexv5\libv5rt.a(vex_motor.cpp.obj)
 .init_array    0x038070f8        0x4 C:\Program Files (x86)\VEX Robotics\VEXcode\sdk/vexv5\libv5rt.a(vex_triport.cpp.obj)
 .init_array    0x038070fc        0x4 C:\Program Files (x86)\VEX Robotics\VEXcode\sdk/vexv5\libv5rt.a(vex_color.cpp.obj)
                0x03807100                __init_array_end = .

.fini_array     0x03807100        0x0
                0x03807100                __fini_array_start = .
 *(SORT(.fini_array.*))
 *(.fini_array)
                0x03807100                __fini_array_end = .

.ARM.attributes
                0x03807100       0x3c
                0x03807100                __ARM.attributes_start = .
 *(.ARM.attributes)
 .ARM.attributes
                0x03807100       0x3a build/src/auto1.o
 .ARM.attributes
                0x0380713a       0x3a build/src/main.o
 .ARM.attributes
                0x03807174       0x3a build/src/blue1.o
 .ARM.attributes
                0x038071ae       0x3a build/src/red2.o
 .ARM.attributes
                0x038071e8       0x3a build/src/red1.o
 .ARM.attributes
                0x03807222       0x3a build/src/EchoFunctions.o
 .ARM.attributes
                0x0380725c       0x35 C:\Program Files (x86)\VEX Robotics\VEXcode\sdk/vexv5\libv5rt.a(v5_startup.c.obj)
 .ARM.attributes
                0x03807291       0x35 C:\Program Files (x86)\VEX Robotics\VEXcode\sdk/vexv5\libv5rt.a(v5_util.c.obj)
 .ARM.attributes
                0x038072c6       0x35 C:\Program Files (x86)\VEX Robotics\VEXcode\sdk/vexv5\libv5rt.a(v5_apijump.c.obj)
 .ARM.attributes
                0x038072fb       0x35 C:\Program Files (x86)\VEX Robotics\VEXcode\sdk/vexv5\libv5rt.a(v5_apiversions.c.obj)
 .ARM.attributes
                0x03807330       0x35 C:\Program Files (x86)\VEX Robotics\VEXcode\sdk/vexv5\libv5rt.a(vex_global.cpp.obj)
 .ARM.attributes
                0x03807365       0x35 C:\Program Files (x86)\VEX Robotics\VEXcode\sdk/vexv5\libv5rt.a(vex_motor.cpp.obj)
 .ARM.attributes
                0x0380739a       0x35 C:\Program Files (x86)\VEX Robotics\VEXcode\sdk/vexv5\libv5rt.a(vex_controller.cpp.obj)
 .ARM.attributes
                0x038073cf       0x35 C:\Program Files (x86)\VEX Robotics\VEXcode\sdk/vexv5\libv5rt.a(vex_task.cpp.obj)
 .ARM.attributes
                0x03807404       0x35 C:\Program Files (x86)\VEX Robotics\VEXcode\sdk/vexv5\libv5rt.a(vex_event.cpp.obj)
 .ARM.attributes
                0x03807439       0x35 C:\Program Files (x86)\VEX Robotics\VEXcode\sdk/vexv5\libv5rt.a(vex_mevent.cpp.obj)
 .ARM.attributes
                0x0380746e       0x35 C:\Program Files (x86)\VEX Robotics\VEXcode\sdk/vexv5\libv5rt.a(vex_brain.cpp.obj)
 .ARM.attributes
                0x038074a3       0x35 C:\Program Files (x86)\VEX Robotics\VEXcode\sdk/vexv5\libv5rt.a(vex_competition.cpp.obj)
 .ARM.attributes
                0x038074d8       0x35 C:\Program Files (x86)\VEX Robotics\VEXcode\sdk/vexv5\libv5rt.a(vex_triport.cpp.obj)
 .ARM.attributes
                0x0380750d       0x35 C:\Program Files (x86)\VEX Robotics\VEXcode\sdk/vexv5\libv5rt.a(vex_color.cpp.obj)
 .ARM.attributes
                0x03807542       0x35 C:\Program Files (x86)\VEX Robotics\VEXcode\sdk/vexv5\libv5rt.a(vex_timer.cpp.obj)
 .ARM.attributes
                0x03807577       0x35 C:\Program Files (x86)\VEX Robotics\VEXcode\sdk/vexv5\libv5rt.a(v5_apiuser.c.obj)
 .ARM.attributes
                0x038075ac       0x35 C:\Program Files (x86)\VEX Robotics\VEXcode\sdk/vexv5\libv5rt.a(vex_device.cpp.obj)
 .ARM.attributes
                0x038075e1       0x2b C:\Program Files (x86)\VEX Robotics\VEXcode\sdk/vexv5/gcc/libs\libc.a(lib_a-fini.o)
 .ARM.attributes
                0x0380760c       0x2b C:\Program Files (x86)\VEX Robotics\VEXcode\sdk/vexv5/gcc/libs\libc.a(lib_a-impure.o)
 .ARM.attributes
                0x03807637       0x2b C:\Program Files (x86)\VEX Robotics\VEXcode\sdk/vexv5/gcc/libs\libc.a(lib_a-init.o)
                0x03807662                __ARM.attributes_end = .

.sdata          0x03807100        0x0
                0x03807100                __sdata_start = .
 *(.sdata)
 *(.sdata.*)
 *(.gnu.linkonce.s.*)
                0x03807100                __sdata_end = .

.sbss           0x03807100        0x0
                0x03807100                __sbss_start = .
 *(.sbss)
 *(.sbss.*)
 *(.gnu.linkonce.sb.*)
                0x03807100                __sbss_end = .

.tdata          0x03807100        0x0
                0x03807100                __tdata_start = .
 *(.tdata)
 *(.tdata.*)
 *(.gnu.linkonce.td.*)
                0x03807100                __tdata_end = .

.tbss           0x03807100        0x0
                0x03807100                __tbss_start = .
 *(.tbss)
 *(.tbss.*)
 *(.gnu.linkonce.tb.*)
                0x03807100                __tbss_end = .

.bss            0x03807100      0x8dc
                0x03807100                __bss_start = .
 *(.bss)
 *(.bss.*)
 .bss.choice    0x03807100        0x4 build/src/main.o
                0x03807100                choice
 .bss.Competition
                0x03807104       0x28 build/src/main.o
                0x03807104                Competition
 .bss._ZStL8__ioinit
                0x0380712c        0x1 build/src/EchoFunctions.o
 *fill*         0x0380712d        0x3 
 .bss.BiiiigBrain
                0x03807130      0x2e0 build/src/EchoFunctions.o
                0x03807130                BiiiigBrain
 .bss.rightF1   0x03807410       0x28 build/src/EchoFunctions.o
                0x03807410                rightF1
 .bss.rightF2   0x03807438       0x28 build/src/EchoFunctions.o
                0x03807438                rightF2
 .bss.leftF1    0x03807460       0x28 build/src/EchoFunctions.o
                0x03807460                leftF1
 .bss.leftF2    0x03807488       0x28 build/src/EchoFunctions.o
                0x03807488                leftF2
 .bss.rightB1   0x038074b0       0x28 build/src/EchoFunctions.o
                0x038074b0                rightB1
 .bss.rightB2   0x038074d8       0x28 build/src/EchoFunctions.o
                0x038074d8                rightB2
 .bss.leftB1    0x03807500       0x28 build/src/EchoFunctions.o
                0x03807500                leftB1
 .bss.leftB2    0x03807528       0x28 build/src/EchoFunctions.o
                0x03807528                leftB2
 .bss.Dru       0x03807550      0x1e0 build/src/EchoFunctions.o
                0x03807550                Dru
 .bss.catapult  0x03807730       0x28 build/src/EchoFunctions.o
                0x03807730                catapult
 .bss.uptake    0x03807758       0x28 build/src/EchoFunctions.o
                0x03807758                uptake
 .bss.pusher    0x03807780       0x28 build/src/EchoFunctions.o
                0x03807780                pusher
 .bss.roller    0x038077a8       0x28 build/src/EchoFunctions.o
                0x038077a8                roller
 .bss.wrist     0x038077d0       0x28 build/src/EchoFunctions.o
                0x038077d0                wrist
 .bss.liftL1    0x038077f8       0x28 build/src/EchoFunctions.o
                0x038077f8                liftL1
 .bss.liftL2    0x03807820       0x28 build/src/EchoFunctions.o
                0x03807820                liftL2
 .bss.liftR1    0x03807848       0x28 build/src/EchoFunctions.o
                0x03807848                liftR1
 .bss.liftR2    0x03807870       0x28 build/src/EchoFunctions.o
                0x03807870                liftR2
 .bss.Cbutton   0x03807898       0x20 build/src/EchoFunctions.o
                0x03807898                Cbutton
 .bss.CapIn     0x038078b8       0x20 build/src/EchoFunctions.o
                0x038078b8                CapIn
 .bss.Yeeter    0x038078d8       0x18 build/src/EchoFunctions.o
                0x038078d8                Yeeter
 .bss.Yoinker   0x038078f0       0x18 build/src/EchoFunctions.o
                0x038078f0                Yoinker
 .bss.Grabber   0x03807908       0x18 build/src/EchoFunctions.o
                0x03807908                Grabber
 .bss.r1Pressed
                0x03807920        0x1 build/src/EchoFunctions.o
                0x03807920                r1Pressed
 .bss.yPressed  0x03807921        0x1 build/src/EchoFunctions.o
                0x03807921                yPressed
 .bss.xPressed  0x03807922        0x1 build/src/EchoFunctions.o
                0x03807922                xPressed
 .bss.APress    0x03807923        0x1 build/src/EchoFunctions.o
                0x03807923                APress
 *fill*         0x03807924        0x4 
 .bss.angle0    0x03807928        0x8 build/src/EchoFunctions.o
                0x03807928                angle0
 .bss.ang0      0x03807930        0x4 build/src/EchoFunctions.o
                0x03807930                ang0
 *fill*         0x03807934        0x4 
 .bss.xg0       0x03807938        0x8 build/src/EchoFunctions.o
                0x03807938                xg0
 .bss.yg0       0x03807940        0x8 build/src/EchoFunctions.o
                0x03807940                yg0
 .bss.__dso_handle
                0x03807948        0x4 C:\Program Files (x86)\VEX Robotics\VEXcode\sdk/vexv5\libv5rt.a(v5_startup.c.obj)
                0x03807948                __dso_handle
 .bss.lastTime.8075
                0x0380794c        0x4 C:\Program Files (x86)\VEX Robotics\VEXcode\sdk/vexv5\libv5rt.a(v5_apijump.c.obj)
 .bss._ZN3vex3fwdE
                0x03807950        0x4 C:\Program Files (x86)\VEX Robotics\VEXcode\sdk/vexv5\libv5rt.a(vex_global.cpp.obj)
                0x03807950                vex::fwd
 .bss._ZN3vex3degE
                0x03807954        0x4 C:\Program Files (x86)\VEX Robotics\VEXcode\sdk/vexv5\libv5rt.a(vex_global.cpp.obj)
                0x03807954                vex::deg
 .bss._ZN3vex5coastE
                0x03807958        0x4 C:\Program Files (x86)\VEX Robotics\VEXcode\sdk/vexv5\libv5rt.a(vex_global.cpp.obj)
                0x03807958                vex::coast
 .bss._ZStL8__ioinit
                0x0380795c        0x1 C:\Program Files (x86)\VEX Robotics\VEXcode\sdk/vexv5\libv5rt.a(vex_motor.cpp.obj)
 *fill*         0x0380795d        0x3 
 .bss._ZN3vex4task8_labelIdE
                0x03807960        0x4 C:\Program Files (x86)\VEX Robotics\VEXcode\sdk/vexv5\libv5rt.a(vex_task.cpp.obj)
                0x03807960                vex::task::_labelId
 .bss._ZN3vex11competition22bStopTasksBetweenModesE
                0x03807964        0x1 C:\Program Files (x86)\VEX Robotics\VEXcode\sdk/vexv5\libv5rt.a(vex_competition.cpp.obj)
                0x03807964                vex::competition::bStopTasksBetweenModes
 .bss._ZN3vex11competition25bStopAllTasksBetweenModesE
                0x03807965        0x1 C:\Program Files (x86)\VEX Robotics\VEXcode\sdk/vexv5\libv5rt.a(vex_competition.cpp.obj)
                0x03807965                vex::competition::bStopAllTasksBetweenModes
 .bss._ZN3vex11competition14_auton_pendingE
                0x03807966        0x1 C:\Program Files (x86)\VEX Robotics\VEXcode\sdk/vexv5\libv5rt.a(vex_competition.cpp.obj)
                0x03807966                vex::competition::_auton_pending
 *fill*         0x03807967        0x1 
 .bss._ZN3vex11competition20_autonomous_callbackE
                0x03807968        0x4 C:\Program Files (x86)\VEX Robotics\VEXcode\sdk/vexv5\libv5rt.a(vex_competition.cpp.obj)
                0x03807968                vex::competition::_autonomous_callback
 .bss._ZN3vex11competition23_drivercontrol_callbackE
                0x0380796c        0x4 C:\Program Files (x86)\VEX Robotics\VEXcode\sdk/vexv5\libv5rt.a(vex_competition.cpp.obj)
                0x0380796c                vex::competition::_drivercontrol_callback
 .bss._ZN3vex11competition15_driver_pendingE
                0x03807970        0x1 C:\Program Files (x86)\VEX Robotics\VEXcode\sdk/vexv5\libv5rt.a(vex_competition.cpp.obj)
                0x03807970                vex::competition::_driver_pending
 .bss._ZStL8__ioinit
                0x03807971        0x1 C:\Program Files (x86)\VEX Robotics\VEXcode\sdk/vexv5\libv5rt.a(vex_triport.cpp.obj)
 *fill*         0x03807972        0x2 
 .bss._ZN3vex5color6orangeE
                0x03807974        0x8 C:\Program Files (x86)\VEX Robotics\VEXcode\sdk/vexv5\libv5rt.a(vex_color.cpp.obj)
                0x03807974                vex::color::orange
 .bss._ZN3vex5color5blackE
                0x0380797c        0x8 C:\Program Files (x86)\VEX Robotics\VEXcode\sdk/vexv5\libv5rt.a(vex_color.cpp.obj)
                0x0380797c                vex::color::black
 .bss._ZN3vex5color6yellowE
                0x03807984        0x8 C:\Program Files (x86)\VEX Robotics\VEXcode\sdk/vexv5\libv5rt.a(vex_color.cpp.obj)
                0x03807984                vex::color::yellow
 .bss._ZN3vex5color5greenE
                0x0380798c        0x8 C:\Program Files (x86)\VEX Robotics\VEXcode\sdk/vexv5\libv5rt.a(vex_color.cpp.obj)
                0x0380798c                vex::color::green
 .bss._ZN3vex5color6purpleE
                0x03807994        0x8 C:\Program Files (x86)\VEX Robotics\VEXcode\sdk/vexv5\libv5rt.a(vex_color.cpp.obj)
                0x03807994                vex::color::purple
 .bss._ZN3vex5color4cyanE
                0x0380799c        0x8 C:\Program Files (x86)\VEX Robotics\VEXcode\sdk/vexv5\libv5rt.a(vex_color.cpp.obj)
                0x0380799c                vex::color::cyan
 .bss._ZN3vex5color4blueE
                0x038079a4        0x8 C:\Program Files (x86)\VEX Robotics\VEXcode\sdk/vexv5\libv5rt.a(vex_color.cpp.obj)
                0x038079a4                vex::color::blue
 .bss._ZN3vex5color3redE
                0x038079ac        0x8 C:\Program Files (x86)\VEX Robotics\VEXcode\sdk/vexv5\libv5rt.a(vex_color.cpp.obj)
                0x038079ac                vex::color::red
 .bss._ZN3vex5color11transparentE
                0x038079b4        0x8 C:\Program Files (x86)\VEX Robotics\VEXcode\sdk/vexv5\libv5rt.a(vex_color.cpp.obj)
                0x038079b4                vex::color::transparent
 .bss._ZN3vex5color5whiteE
                0x038079bc        0x8 C:\Program Files (x86)\VEX Robotics\VEXcode\sdk/vexv5\libv5rt.a(vex_color.cpp.obj)
                0x038079bc                vex::color::white
 *(.gnu.linkonce.b.*)
 *(COMMON)
 COMMON         0x038079c4       0x18 C:\Program Files (x86)\VEX Robotics\VEXcode\sdk/vexv5\libv5rt.a(v5_startup.c.obj)
                0x038079c8                __vex_critical_section
                0x038079dc                __bss_end = .
                0x03807100                _SDA_BASE_ = (__sdata_start + ((__sbss_end - __sdata_start) / 0x2))
                0x03806c84                _SDA2_BASE_ = (__sdata2_start + ((__sbss2_end - __sdata2_start) / 0x2))

.heap           0x038079dc   0x100004
                0x038079e0                . = ALIGN (0x10)
 *fill*         0x038079dc        0x4 
                0x038079e0                _heap = .
                0x038079e0                HeapBase = .
                0x038079e0                _heap_start = .
                0x039079e0                . = (. + _HEAP_SIZE)
 *fill*         0x038079e0   0x100000 
                0x039079e0                _heap_end = .
                0x039079e0                HeapLimit = .

.stack          0x039079e0     0x3800
                0x039079e0                . = ALIGN (0x10)
                0x039079e0                _stack_end = .
                0x039099e0                . = (. + _STACK_SIZE)
 *fill*         0x039079e0     0x2000 
                0x039099e0                . = ALIGN (0x10)
                0x039099e0                _stack = .
                0x039099e0                __stack = _stack
                0x039099e0                . = ALIGN (0x10)
                0x039099e0                _irq_stack_end = .
                0x03909de0                . = (. + _IRQ_STACK_SIZE)
 *fill*         0x039099e0      0x400 
                0x03909de0                . = ALIGN (0x10)
                0x03909de0                __irq_stack = .
                0x03909de0                _supervisor_stack_end = .
                0x0390a5e0                . = (. + _SUPERVISOR_STACK_SIZE)
 *fill*         0x03909de0      0x800 
                0x0390a5e0                . = ALIGN (0x10)
                0x0390a5e0                __supervisor_stack = .
                0x0390a5e0                _abort_stack_end = .
                0x0390a9e0                . = (. + _ABORT_STACK_SIZE)
 *fill*         0x0390a5e0      0x400 
                0x0390a9e0                . = ALIGN (0x10)
                0x0390a9e0                __abort_stack = .
                0x0390a9e0                _fiq_stack_end = .
                0x0390ade0                . = (. + _FIQ_STACK_SIZE)
 *fill*         0x0390a9e0      0x400 
                0x0390ade0                . = ALIGN (0x10)
                0x0390ade0                __fiq_stack = .
                0x0390ade0                _undef_stack_end = .
                0x0390b1e0                . = (. + _UNDEF_STACK_SIZE)
 *fill*         0x0390ade0      0x400 
                0x0390b1e0                . = ALIGN (0x10)
                0x0390b1e0                __undef_stack = .
                0x0390b1e0                _end = .
LOAD C:\Program Files (x86)\VEX Robotics\VEXcode\sdk/vexv5/stdlib_0.lib
LOAD build/src/auto1.o
LOAD build/src/FunctionsTest.o
LOAD build/src/main.o
LOAD build/src/blue1.o
LOAD build/src/red2.o
LOAD build/src/red1.o
LOAD build/src/EchoFunctions.o
LOAD build/src/red1Test.o
START GROUP
LOAD C:\Program Files (x86)\VEX Robotics\VEXcode\sdk/vexv5\libv5rt.a
LOAD C:\Program Files (x86)\VEX Robotics\VEXcode\sdk/vexv5/gcc/libs\libstdc++.a
LOAD C:\Program Files (x86)\VEX Robotics\VEXcode\sdk/vexv5/gcc/libs\libc.a
LOAD C:\Program Files (x86)\VEX Robotics\VEXcode\sdk/vexv5/gcc/libs\libm.a
LOAD C:\Program Files (x86)\VEX Robotics\VEXcode\sdk/vexv5/gcc/libs\libgcc.a
END GROUP
OUTPUT(build/EchoCode.elf elf32-littlearm)

.comment        0x00000000       0x9d
 .comment       0x00000000       0x2d build/src/auto1.o
                                 0x2e (size before relaxing)
 .comment       0x00000000       0x2e build/src/main.o
 .comment       0x00000000       0x2e build/src/blue1.o
 .comment       0x00000000       0x2e build/src/red2.o
 .comment       0x00000000       0x2e build/src/red1.o
 .comment       0x00000000       0x2e build/src/EchoFunctions.o
 .comment       0x0000002d       0x70 C:\Program Files (x86)\VEX Robotics\VEXcode\sdk/vexv5\libv5rt.a(v5_startup.c.obj)
                                 0x71 (size before relaxing)
 .comment       0x00000000       0x71 C:\Program Files (x86)\VEX Robotics\VEXcode\sdk/vexv5\libv5rt.a(v5_util.c.obj)
 .comment       0x00000000       0x71 C:\Program Files (x86)\VEX Robotics\VEXcode\sdk/vexv5\libv5rt.a(v5_apijump.c.obj)
 .comment       0x00000000       0x71 C:\Program Files (x86)\VEX Robotics\VEXcode\sdk/vexv5\libv5rt.a(v5_apiversions.c.obj)
 .comment       0x00000000       0x71 C:\Program Files (x86)\VEX Robotics\VEXcode\sdk/vexv5\libv5rt.a(vex_global.cpp.obj)
 .comment       0x00000000       0x71 C:\Program Files (x86)\VEX Robotics\VEXcode\sdk/vexv5\libv5rt.a(vex_motor.cpp.obj)
 .comment       0x00000000       0x71 C:\Program Files (x86)\VEX Robotics\VEXcode\sdk/vexv5\libv5rt.a(vex_controller.cpp.obj)
 .comment       0x00000000       0x71 C:\Program Files (x86)\VEX Robotics\VEXcode\sdk/vexv5\libv5rt.a(vex_task.cpp.obj)
 .comment       0x00000000       0x71 C:\Program Files (x86)\VEX Robotics\VEXcode\sdk/vexv5\libv5rt.a(vex_event.cpp.obj)
 .comment       0x00000000       0x71 C:\Program Files (x86)\VEX Robotics\VEXcode\sdk/vexv5\libv5rt.a(vex_mevent.cpp.obj)
 .comment       0x00000000       0x71 C:\Program Files (x86)\VEX Robotics\VEXcode\sdk/vexv5\libv5rt.a(vex_brain.cpp.obj)
 .comment       0x00000000       0x71 C:\Program Files (x86)\VEX Robotics\VEXcode\sdk/vexv5\libv5rt.a(vex_competition.cpp.obj)
 .comment       0x00000000       0x71 C:\Program Files (x86)\VEX Robotics\VEXcode\sdk/vexv5\libv5rt.a(vex_triport.cpp.obj)
 .comment       0x00000000       0x71 C:\Program Files (x86)\VEX Robotics\VEXcode\sdk/vexv5\libv5rt.a(vex_color.cpp.obj)
 .comment       0x00000000       0x71 C:\Program Files (x86)\VEX Robotics\VEXcode\sdk/vexv5\libv5rt.a(vex_timer.cpp.obj)
 .comment       0x00000000       0x71 C:\Program Files (x86)\VEX Robotics\VEXcode\sdk/vexv5\libv5rt.a(v5_apiuser.c.obj)
 .comment       0x00000000       0x71 C:\Program Files (x86)\VEX Robotics\VEXcode\sdk/vexv5\libv5rt.a(vex_device.cpp.obj)

.note.GNU-stack
                0x00000000        0x0
 .note.GNU-stack
                0x00000000        0x0 build/src/auto1.o
 .note.GNU-stack
                0x00000000        0x0 build/src/main.o
 .note.GNU-stack
                0x00000000        0x0 build/src/blue1.o
 .note.GNU-stack
                0x00000000        0x0 build/src/red2.o
 .note.GNU-stack
                0x00000000        0x0 build/src/red1.o
 .note.GNU-stack
                0x00000000        0x0 build/src/EchoFunctions.o

.debug_frame    0x00000000       0x60
 .debug_frame   0x00000000       0x34 C:\Program Files (x86)\VEX Robotics\VEXcode\sdk/vexv5/gcc/libs\libc.a(lib_a-fini.o)
 .debug_frame   0x00000034       0x2c C:\Program Files (x86)\VEX Robotics\VEXcode\sdk/vexv5/gcc/libs\libc.a(lib_a-init.o)
